<html>
<body>
<pre>
<h1>µVision Build Log</h1>
<h2>Tool Versions:</h2>
IDE-Version: ¦ÌVision V5.41.0.0
Copyright (C) 2024 ARM Ltd and ARM Germany GmbH. All rights reserved.
License Information: senkin senkin7853@Gmail.com, Astroceta, LIC=CZLZX-HSU7Z-Z9GG9-4H358-4IUF9-VG5GD
 
Tool Versions:
Toolchain:       MDK-ARM Plus  Version: 5.41.0.0
Toolchain Path:  C:\Users\senki\AppData\Local\Keil_v5\ARM\ACC5\Bin
C Compiler:      Armcc.exe V5.06 update 7 (build 960)
Assembler:       Armasm.exe V5.06 update 7 (build 960)
Linker/Locator:  ArmLink.exe V5.06 update 7 (build 960)
Library Manager: ArmAr.exe V5.06 update 7 (build 960)
Hex Converter:   FromElf.exe V5.06 update 7 (build 960)
CPU DLL:         SARMCM3.DLL V5.41.0.0
Dialog DLL:      DCM.DLL V1.17.5.0
Target DLL:      Segger\JL2CM3.dll V2.99.45.0
Dialog DLL:      TCM.DLL V1.56.4.0
 
<h2>Project:</h2>
D:\Space\Work\network\net\MDK\network.uvprojx
Project File Date:  04/28/2026

<h2>Output:</h2>
*** Using Compiler 'V5.06 update 7 (build 960)', folder: 'C:\Users\senki\AppData\Local\Keil_v5\ARM\ACC5\Bin'
Rebuild target 'Network'
compiling stm32f4xx_it.c...
compiling main.c...
compiling system.c...
compiling log_port.c...
compiling wireless.c...
compiling system_storage.c...
compiling system_stm32f4xx.c...
compiling drvgpio_port.c...
compiling protcolmgr.c...
compiling iotmanager_debug.c...
compiling wireless_debug.c...
compiling cprsensor_protocol.c...
compiling drviic_port.c...
compiling iotmanager.c...
compiling ethernet.c...
compiling ec800m_port.c...
compiling bsp_rtt.c...
compiling sysmgr.c...
compiling drvuart_port.c...
compiling bspiic.c...
compiling drvspi_port.c...
compiling cellular.c...
compiling bspusb_ec800.c...
compiling bspusb.c...
compiling esp32c5_port.c...
compiling drvusb_port.c...
compiling w25qxxx_port.c...
compiling drvgpio.c...
compiling drvuart.c...
compiling drvspi.c...
compiling drviic.c...
compiling drvusb.c...
compiling system_rtt.c...
compiling bspgpio.c...
compiling systask.c...
compiling bspspi.c...
compiling flowparser.c...
compiling bspuart.c...
compiling flowparser_stream.c...
compiling tca9535_port.c...
compiling rtos_port.c...
compiling ringbuffer.c...
compiling md5.c...
compiling aes.c...
compiling jsonparser.c...
compiling usbhost_ec800.c...
compiling rtos.c...
compiling usbh_cdc_host.c...
compiling usbh_hcs.c...
compiling usbh_core.c...
compiling usbh_ioreq.c...
compiling trace.c...
compiling log.c...
compiling console.c...
compiling usbh_stdreq.c...
compiling usb_hcd.c...
compiling usb_core.c...
compiling vfs.c...
compiling vfs_littlefs.c...
compiling usb_hcd_int.c...
compiling vfs_debug.c...
compiling w25qxxx.c...
compiling esp32c5.c...
compiling esp32c5_ble.c...
compiling esp32c5_wifi.c...
compiling esp32c5_ctrl.c...
compiling esp32c5_http.c...
compiling esp32c5_mqtt.c...
compiling esp32c5_data.c...
compiling ec800m_http.c...
compiling ec800m.c...
compiling ec800m_mqtt.c...
compiling pca9535.c...
compiling SEGGER_RTT.c...
compiling lfs_util.c...
assembling startup_gd32f450_470.s...
compiling lfs.c...
compiling led.c...
compiling misc.c...
compiling stm32f4xx_gpio.c...
compiling cpu_c.c...
compiling cpu_core.c...
assembling cpu_a.asm...
compiling stm32f4xx_dma.c...
compiling stm32f4xx_syscfg.c...
compiling lib_ascii.c...
compiling stm32f4xx_rcc.c...
compiling stm32f4xx_usart.c...
compiling lib_math.c...
compiling stm32f4xx_fmc.c...
compiling stm32f4xx_spi.c...
assembling lib_mem_a.asm...
compiling lib_mem.c...
compiling stm32f4xx_tim.c...
compiling stm32f4xx_sdio.c...
compiling lib_str.c...
compiling stm32f4xx_cryp.c...
compiling os_cfg_app.c...
compiling sys.c...
compiling os_dbg.c...
compiling os_core.c...
compiling stm32f4xx_cryp_aes.c...
compiling delay.c...
compiling bsp.c...
compiling os_int.c...
compiling os_mem.c...
compiling os_flag.c...
compiling os_msg.c...
compiling usart.c...
compiling os_mutex.c...
compiling os_pend_multi.c...
compiling os_prio.c...
compiling os_q.c...
compiling os_stat.c...
compiling os_sem.c...
compiling os_tick.c...
compiling os_time.c...
assembling os_cpu_a.asm...
compiling os_var.c...
compiling os_task.c...
compiling os_app_hooks.c...
compiling os_tmr.c...
compiling os_cpu_c.c...
linking...
Program Size: Code=182612 RO-data=7700 RW-data=848 ZI-data=71400  
FromELF: creating hex file...
"..\OBJ\network.axf" - 0 Error(s), 0 Warning(s).

<h2>Software Packages used:</h2>

Package Vendor: GigaDevice
                https://gd32mcu.com/data/documents/pack/GigaDevice.GD32F4xx_DFP.3.0.3.pack
                GigaDevice::GD32F4xx_DFP@3.0.3
                GigaDevice GD32F4xx Series Device Support and Examples

<h2>Collection of Component include folders:</h2>
  C:/Users/senki/AppData/Local/Arm/Packs/GigaDevice/GD32F4xx_DFP/3.0.3/Device/F4XX/Include

<h2>Collection of Component Files used:</h2>
Build Time Elapsed:  00:00:04
</pre>
</body>
</html>
