<!doctype html public "-//w3c//dtd html 4.0 transitional//en">
<html><head>
<title>Static Call Graph - [..\OBJ\network.axf]</title></head>
<body><HR>
<H1>Static Call Graph for image ..\OBJ\network.axf</H1><HR>
<BR><P>#&#060CALLGRAPH&#062# ARM Linker, 5060960: Last Updated: Sat Apr 25 15:15:17 2026
<BR><P>
<H3>Maximum Stack Usage =       4552 bytes + Unknown(Functions without stacksize, Cycles, Untraceable Function Pointers)</H3><H3>
Call chain for Maximum Stack Depth:</H3>
vfsDebugConsoleLsHandler &rArr; vfsListDir &rArr; vfsEnsureMountedInt &rArr; vfsMountInt &rArr; logWrite &rArr; logVWrite &rArr; logFormatLine &rArr; __2snprintf &rArr; _printf_char_common &rArr; __printf
<P>
<H3>
Functions with no stack information
</H3><UL>
 <LI><a href="#[6a6]">__user_initial_stackheap</a>
 <LI><a href="#[75d]">CPU_IntDis</a>
 <LI><a href="#[75e]">CPU_IntEn</a>
 <LI><a href="#[2ab]">CPU_SR_Save</a>
 <LI><a href="#[2af]">CPU_SR_Restore</a>
 <LI><a href="#[75f]">CPU_WaitForInt</a>
 <LI><a href="#[760]">CPU_WaitForExcept</a>
 <LI><a href="#[5b0]">CPU_CntLeadZeros</a>
 <LI><a href="#[5b4]">CPU_CntTrailZeros</a>
 <LI><a href="#[761]">CPU_RevBits</a>
 <LI><a href="#[5bd]">Mem_Copy</a>
 <LI><a href="#[5ff]">OSStartHighRdy</a>
 <LI><a href="#[5fc]">OSCtxSw</a>
 <LI><a href="#[5fa]">OSIntCtxSw</a>
 <LI><a href="#[17]">PendSV_Handler</a>
</UL>
</UL>
<P>
<H3>
Mutually Recursive functions
</H3> <LI><a href="#[2b]">ADC_IRQHandler</a>&nbsp;&nbsp;&nbsp;&rArr;&nbsp;&nbsp;&nbsp;<a href="#[2b]">ADC_IRQHandler</a><BR>
 <LI><a href="#[3df]">vfsDebugDeletePathRecursive</a>&nbsp;&nbsp;&nbsp;&rArr;&nbsp;&nbsp;&nbsp;<a href="#[3df]">vfsDebugDeletePathRecursive</a><BR>
</UL>
<P>
<H3>
Function Pointers
</H3><UL>
 <LI><a href="#[2b]">ADC_IRQHandler</a> from startup_stm32f40_41xxx.o(.text) referenced from startup_stm32f40_41xxx.o(RESET)
 <LI><a href="#[13]">BusFault_Handler</a> from trace.o(.emb_text) referenced from startup_stm32f40_41xxx.o(RESET)
 <LI><a href="#[2d]">CAN1_RX0_IRQHandler</a> from startup_stm32f40_41xxx.o(.text) referenced from startup_stm32f40_41xxx.o(RESET)
 <LI><a href="#[2e]">CAN1_RX1_IRQHandler</a> from startup_stm32f40_41xxx.o(.text) referenced from startup_stm32f40_41xxx.o(RESET)
 <LI><a href="#[2f]">CAN1_SCE_IRQHandler</a> from startup_stm32f40_41xxx.o(.text) referenced from startup_stm32f40_41xxx.o(RESET)
 <LI><a href="#[2c]">CAN1_TX_IRQHandler</a> from startup_stm32f40_41xxx.o(.text) referenced from startup_stm32f40_41xxx.o(RESET)
 <LI><a href="#[59]">CAN2_RX0_IRQHandler</a> from startup_stm32f40_41xxx.o(.text) referenced from startup_stm32f40_41xxx.o(RESET)
 <LI><a href="#[5a]">CAN2_RX1_IRQHandler</a> from startup_stm32f40_41xxx.o(.text) referenced from startup_stm32f40_41xxx.o(RESET)
 <LI><a href="#[5b]">CAN2_SCE_IRQHandler</a> from startup_stm32f40_41xxx.o(.text) referenced from startup_stm32f40_41xxx.o(RESET)
 <LI><a href="#[58]">CAN2_TX_IRQHandler</a> from startup_stm32f40_41xxx.o(.text) referenced from startup_stm32f40_41xxx.o(RESET)
 <LI><a href="#[68]">CRYP_IRQHandler</a> from startup_stm32f40_41xxx.o(.text) referenced from startup_stm32f40_41xxx.o(RESET)
 <LI><a href="#[67]">DCMI_IRQHandler</a> from startup_stm32f40_41xxx.o(.text) referenced from startup_stm32f40_41xxx.o(RESET)
 <LI><a href="#[24]">DMA1_Stream0_IRQHandler</a> from startup_stm32f40_41xxx.o(.text) referenced from startup_stm32f40_41xxx.o(RESET)
 <LI><a href="#[25]">DMA1_Stream1_IRQHandler</a> from stm32f4xx_it.o(.text) referenced from startup_stm32f40_41xxx.o(RESET)
 <LI><a href="#[26]">DMA1_Stream2_IRQHandler</a> from startup_stm32f40_41xxx.o(.text) referenced from startup_stm32f40_41xxx.o(RESET)
 <LI><a href="#[27]">DMA1_Stream3_IRQHandler</a> from stm32f4xx_it.o(.text) referenced from startup_stm32f40_41xxx.o(RESET)
 <LI><a href="#[28]">DMA1_Stream4_IRQHandler</a> from startup_stm32f40_41xxx.o(.text) referenced from startup_stm32f40_41xxx.o(RESET)
 <LI><a href="#[29]">DMA1_Stream5_IRQHandler</a> from stm32f4xx_it.o(.text) referenced from startup_stm32f40_41xxx.o(RESET)
 <LI><a href="#[2a]">DMA1_Stream6_IRQHandler</a> from stm32f4xx_it.o(.text) referenced from startup_stm32f40_41xxx.o(RESET)
 <LI><a href="#[48]">DMA1_Stream7_IRQHandler</a> from startup_stm32f40_41xxx.o(.text) referenced from startup_stm32f40_41xxx.o(RESET)
 <LI><a href="#[51]">DMA2_Stream0_IRQHandler</a> from startup_stm32f40_41xxx.o(.text) referenced from startup_stm32f40_41xxx.o(RESET)
 <LI><a href="#[52]">DMA2_Stream1_IRQHandler</a> from startup_stm32f40_41xxx.o(.text) referenced from startup_stm32f40_41xxx.o(RESET)
 <LI><a href="#[53]">DMA2_Stream2_IRQHandler</a> from startup_stm32f40_41xxx.o(.text) referenced from startup_stm32f40_41xxx.o(RESET)
 <LI><a href="#[54]">DMA2_Stream3_IRQHandler</a> from startup_stm32f40_41xxx.o(.text) referenced from startup_stm32f40_41xxx.o(RESET)
 <LI><a href="#[55]">DMA2_Stream4_IRQHandler</a> from startup_stm32f40_41xxx.o(.text) referenced from startup_stm32f40_41xxx.o(RESET)
 <LI><a href="#[5d]">DMA2_Stream5_IRQHandler</a> from startup_stm32f40_41xxx.o(.text) referenced from startup_stm32f40_41xxx.o(RESET)
 <LI><a href="#[5e]">DMA2_Stream6_IRQHandler</a> from startup_stm32f40_41xxx.o(.text) referenced from startup_stm32f40_41xxx.o(RESET)
 <LI><a href="#[5f]">DMA2_Stream7_IRQHandler</a> from startup_stm32f40_41xxx.o(.text) referenced from startup_stm32f40_41xxx.o(RESET)
 <LI><a href="#[16]">DebugMon_Handler</a> from stm32f4xx_it.o(.text) referenced from startup_stm32f40_41xxx.o(RESET)
 <LI><a href="#[56]">ETH_IRQHandler</a> from startup_stm32f40_41xxx.o(.text) referenced from startup_stm32f40_41xxx.o(RESET)
 <LI><a href="#[57]">ETH_WKUP_IRQHandler</a> from startup_stm32f40_41xxx.o(.text) referenced from startup_stm32f40_41xxx.o(RESET)
 <LI><a href="#[1f]">EXTI0_IRQHandler</a> from startup_stm32f40_41xxx.o(.text) referenced from startup_stm32f40_41xxx.o(RESET)
 <LI><a href="#[41]">EXTI15_10_IRQHandler</a> from startup_stm32f40_41xxx.o(.text) referenced from startup_stm32f40_41xxx.o(RESET)
 <LI><a href="#[20]">EXTI1_IRQHandler</a> from startup_stm32f40_41xxx.o(.text) referenced from startup_stm32f40_41xxx.o(RESET)
 <LI><a href="#[21]">EXTI2_IRQHandler</a> from startup_stm32f40_41xxx.o(.text) referenced from startup_stm32f40_41xxx.o(RESET)
 <LI><a href="#[22]">EXTI3_IRQHandler</a> from startup_stm32f40_41xxx.o(.text) referenced from startup_stm32f40_41xxx.o(RESET)
 <LI><a href="#[23]">EXTI4_IRQHandler</a> from startup_stm32f40_41xxx.o(.text) referenced from startup_stm32f40_41xxx.o(RESET)
 <LI><a href="#[30]">EXTI9_5_IRQHandler</a> from startup_stm32f40_41xxx.o(.text) referenced from startup_stm32f40_41xxx.o(RESET)
 <LI><a href="#[1d]">FLASH_IRQHandler</a> from startup_stm32f40_41xxx.o(.text) referenced from startup_stm32f40_41xxx.o(RESET)
 <LI><a href="#[6a]">FPU_IRQHandler</a> from startup_stm32f40_41xxx.o(.text) referenced from startup_stm32f40_41xxx.o(RESET)
 <LI><a href="#[49]">FSMC_IRQHandler</a> from startup_stm32f40_41xxx.o(.text) referenced from startup_stm32f40_41xxx.o(RESET)
 <LI><a href="#[69]">HASH_RNG_IRQHandler</a> from startup_stm32f40_41xxx.o(.text) referenced from startup_stm32f40_41xxx.o(RESET)
 <LI><a href="#[11]">HardFault_Handler</a> from trace.o(.emb_text) referenced from startup_stm32f40_41xxx.o(RESET)
 <LI><a href="#[39]">I2C1_ER_IRQHandler</a> from startup_stm32f40_41xxx.o(.text) referenced from startup_stm32f40_41xxx.o(RESET)
 <LI><a href="#[38]">I2C1_EV_IRQHandler</a> from startup_stm32f40_41xxx.o(.text) referenced from startup_stm32f40_41xxx.o(RESET)
 <LI><a href="#[3b]">I2C2_ER_IRQHandler</a> from startup_stm32f40_41xxx.o(.text) referenced from startup_stm32f40_41xxx.o(RESET)
 <LI><a href="#[3a]">I2C2_EV_IRQHandler</a> from startup_stm32f40_41xxx.o(.text) referenced from startup_stm32f40_41xxx.o(RESET)
 <LI><a href="#[62]">I2C3_ER_IRQHandler</a> from startup_stm32f40_41xxx.o(.text) referenced from startup_stm32f40_41xxx.o(RESET)
 <LI><a href="#[61]">I2C3_EV_IRQHandler</a> from startup_stm32f40_41xxx.o(.text) referenced from startup_stm32f40_41xxx.o(RESET)
 <LI><a href="#[12]">MemManage_Handler</a> from trace.o(.emb_text) referenced from startup_stm32f40_41xxx.o(RESET)
 <LI><a href="#[10]">NMI_Handler</a> from stm32f4xx_it.o(.text) referenced from startup_stm32f40_41xxx.o(RESET)
 <LI><a href="#[96]">OSTaskSwHook</a> from os_cpu_c.o(.text) referenced from os_cpu_a.o(CODE)
 <LI><a href="#[5e7]">OS_IdleTask</a> from os_core.o(.text) referenced from os_core.o(.text)
 <LI><a href="#[62e]">OS_IntQTask</a> from os_int.o(.text) referenced from os_int.o(.text)
 <LI><a href="#[92]">OS_TaskReturn</a> from os_task.o(.text) referenced from os_cpu_c.o(.text)
 <LI><a href="#[667]">OS_TickTask</a> from os_tick.o(.text) referenced from os_tick.o(.text)
 <LI><a href="#[678]">OS_TmrTask</a> from os_tmr.o(.text) referenced from os_tmr.o(.text)
 <LI><a href="#[5c]">OTG_FS_IRQHandler</a> from startup_stm32f40_41xxx.o(.text) referenced from startup_stm32f40_41xxx.o(RESET)
 <LI><a href="#[43]">OTG_FS_WKUP_IRQHandler</a> from startup_stm32f40_41xxx.o(.text) referenced from startup_stm32f40_41xxx.o(RESET)
 <LI><a href="#[64]">OTG_HS_EP1_IN_IRQHandler</a> from startup_stm32f40_41xxx.o(.text) referenced from startup_stm32f40_41xxx.o(RESET)
 <LI><a href="#[63]">OTG_HS_EP1_OUT_IRQHandler</a> from startup_stm32f40_41xxx.o(.text) referenced from startup_stm32f40_41xxx.o(RESET)
 <LI><a href="#[66]">OTG_HS_IRQHandler</a> from startup_stm32f40_41xxx.o(.text) referenced from startup_stm32f40_41xxx.o(RESET)
 <LI><a href="#[65]">OTG_HS_WKUP_IRQHandler</a> from startup_stm32f40_41xxx.o(.text) referenced from startup_stm32f40_41xxx.o(RESET)
 <LI><a href="#[1a]">PVD_IRQHandler</a> from startup_stm32f40_41xxx.o(.text) referenced from startup_stm32f40_41xxx.o(RESET)
 <LI><a href="#[17]">PendSV_Handler</a> from os_cpu_a.o(CODE) referenced from startup_stm32f40_41xxx.o(RESET)
 <LI><a href="#[1e]">RCC_IRQHandler</a> from startup_stm32f40_41xxx.o(.text) referenced from startup_stm32f40_41xxx.o(RESET)
 <LI><a href="#[42]">RTC_Alarm_IRQHandler</a> from startup_stm32f40_41xxx.o(.text) referenced from startup_stm32f40_41xxx.o(RESET)
 <LI><a href="#[1c]">RTC_WKUP_IRQHandler</a> from startup_stm32f40_41xxx.o(.text) referenced from startup_stm32f40_41xxx.o(RESET)
 <LI><a href="#[f]">Reset_Handler</a> from startup_stm32f40_41xxx.o(.text) referenced from startup_stm32f40_41xxx.o(RESET)
 <LI><a href="#[4a]">SDIO_IRQHandler</a> from startup_stm32f40_41xxx.o(.text) referenced from startup_stm32f40_41xxx.o(RESET)
 <LI><a href="#[3c]">SPI1_IRQHandler</a> from startup_stm32f40_41xxx.o(.text) referenced from startup_stm32f40_41xxx.o(RESET)
 <LI><a href="#[3d]">SPI2_IRQHandler</a> from startup_stm32f40_41xxx.o(.text) referenced from startup_stm32f40_41xxx.o(RESET)
 <LI><a href="#[4c]">SPI3_IRQHandler</a> from startup_stm32f40_41xxx.o(.text) referenced from startup_stm32f40_41xxx.o(RESET)
 <LI><a href="#[15]">SVC_Handler</a> from stm32f4xx_it.o(.text) referenced from startup_stm32f40_41xxx.o(RESET)
 <LI><a href="#[18]">SysTick_Handler</a> from delay.o(.text) referenced from startup_stm32f40_41xxx.o(RESET)
 <LI><a href="#[90]">SystemInit</a> from system_stm32f4xx.o(.text) referenced from startup_stm32f40_41xxx.o(.text)
 <LI><a href="#[1b]">TAMP_STAMP_IRQHandler</a> from startup_stm32f40_41xxx.o(.text) referenced from startup_stm32f40_41xxx.o(RESET)
 <LI><a href="#[31]">TIM1_BRK_TIM9_IRQHandler</a> from startup_stm32f40_41xxx.o(.text) referenced from startup_stm32f40_41xxx.o(RESET)
 <LI><a href="#[34]">TIM1_CC_IRQHandler</a> from startup_stm32f40_41xxx.o(.text) referenced from startup_stm32f40_41xxx.o(RESET)
 <LI><a href="#[33]">TIM1_TRG_COM_TIM11_IRQHandler</a> from startup_stm32f40_41xxx.o(.text) referenced from startup_stm32f40_41xxx.o(RESET)
 <LI><a href="#[32]">TIM1_UP_TIM10_IRQHandler</a> from startup_stm32f40_41xxx.o(.text) referenced from startup_stm32f40_41xxx.o(RESET)
 <LI><a href="#[35]">TIM2_IRQHandler</a> from startup_stm32f40_41xxx.o(.text) referenced from startup_stm32f40_41xxx.o(RESET)
 <LI><a href="#[36]">TIM3_IRQHandler</a> from startup_stm32f40_41xxx.o(.text) referenced from startup_stm32f40_41xxx.o(RESET)
 <LI><a href="#[37]">TIM4_IRQHandler</a> from startup_stm32f40_41xxx.o(.text) referenced from startup_stm32f40_41xxx.o(RESET)
 <LI><a href="#[4b]">TIM5_IRQHandler</a> from startup_stm32f40_41xxx.o(.text) referenced from startup_stm32f40_41xxx.o(RESET)
 <LI><a href="#[4f]">TIM6_DAC_IRQHandler</a> from startup_stm32f40_41xxx.o(.text) referenced from startup_stm32f40_41xxx.o(RESET)
 <LI><a href="#[50]">TIM7_IRQHandler</a> from startup_stm32f40_41xxx.o(.text) referenced from startup_stm32f40_41xxx.o(RESET)
 <LI><a href="#[44]">TIM8_BRK_TIM12_IRQHandler</a> from startup_stm32f40_41xxx.o(.text) referenced from startup_stm32f40_41xxx.o(RESET)
 <LI><a href="#[47]">TIM8_CC_IRQHandler</a> from startup_stm32f40_41xxx.o(.text) referenced from startup_stm32f40_41xxx.o(RESET)
 <LI><a href="#[46]">TIM8_TRG_COM_TIM14_IRQHandler</a> from startup_stm32f40_41xxx.o(.text) referenced from startup_stm32f40_41xxx.o(RESET)
 <LI><a href="#[45]">TIM8_UP_TIM13_IRQHandler</a> from startup_stm32f40_41xxx.o(.text) referenced from startup_stm32f40_41xxx.o(RESET)
 <LI><a href="#[4d]">UART4_IRQHandler</a> from startup_stm32f40_41xxx.o(.text) referenced from startup_stm32f40_41xxx.o(RESET)
 <LI><a href="#[4e]">UART5_IRQHandler</a> from startup_stm32f40_41xxx.o(.text) referenced from startup_stm32f40_41xxx.o(RESET)
 <LI><a href="#[3e]">USART1_IRQHandler</a> from usart.o(.text) referenced from startup_stm32f40_41xxx.o(RESET)
 <LI><a href="#[3f]">USART2_IRQHandler</a> from stm32f4xx_it.o(.text) referenced from startup_stm32f40_41xxx.o(RESET)
 <LI><a href="#[40]">USART3_IRQHandler</a> from stm32f4xx_it.o(.text) referenced from startup_stm32f40_41xxx.o(RESET)
 <LI><a href="#[60]">USART6_IRQHandler</a> from startup_stm32f40_41xxx.o(.text) referenced from startup_stm32f40_41xxx.o(RESET)
 <LI><a href="#[14]">UsageFault_Handler</a> from trace.o(.emb_text) referenced from startup_stm32f40_41xxx.o(RESET)
 <LI><a href="#[19]">WWDG_IRQHandler</a> from startup_stm32f40_41xxx.o(.text) referenced from startup_stm32f40_41xxx.o(RESET)
 <LI><a href="#[f8]">__main</a> from __main.o(!!!main) referenced from startup_stm32f40_41xxx.o(.text)
 <LI><a href="#[95]">_get_lc_ctype</a> from lc_ctype_c.o(locale$$code) referenced from rt_ctype_table.o(.text)
 <LI><a href="#[94]">_printf_input_char</a> from _printf_char_common.o(.text) referenced from _printf_char_common.o(.text)
 <LI><a href="#[93]">_snputc</a> from _snputc.o(.text) referenced 2 times from vsnprintf.o(.text)
 <LI><a href="#[b4]">bspGpioInit</a> from bspgpio.o(.text) referenced from drvgpio_port.o(.constdata)
 <LI><a href="#[b6]">bspGpioRead</a> from bspgpio.o(.text) referenced from drvgpio_port.o(.constdata)
 <LI><a href="#[b7]">bspGpioToggle</a> from bspgpio.o(.text) referenced from drvgpio_port.o(.constdata)
 <LI><a href="#[b5]">bspGpioWrite</a> from bspgpio.o(.text) referenced from drvgpio_port.o(.constdata)
 <LI><a href="#[b3]">bspRttLogGetInputBuffer</a> from bsp_rtt.o(.text) referenced from log_port.o(.constdata)
 <LI><a href="#[b1]">bspRttLogInit</a> from bsp_rtt.o(.text) referenced from log_port.o(.constdata)
 <LI><a href="#[b2]">bspRttLogWrite</a> from bsp_rtt.o(.text) referenced from log_port.o(.constdata)
 <LI><a href="#[f4]">bspSdioGetStatus</a> from bsp_sdio.o(.text) referenced from sdcard_port.o(.constdata)
 <LI><a href="#[f3]">bspSdioInit</a> from bsp_sdio.o(.text) referenced from sdcard_port.o(.constdata)
 <LI><a href="#[f7]">bspSdioIoctl</a> from bsp_sdio.o(.text) referenced from sdcard_port.o(.constdata)
 <LI><a href="#[f5]">bspSdioReadBlocks</a> from bsp_sdio.o(.text) referenced from sdcard_port.o(.constdata)
 <LI><a href="#[f6]">bspSdioWriteBlocks</a> from bsp_sdio.o(.text) referenced from sdcard_port.o(.constdata)
 <LI><a href="#[ca]">bspSpiCsInit</a> from bspspi.o(.text) referenced from drvspi_port.o(.constdata)
 <LI><a href="#[cb]">bspSpiCsWrite</a> from bspspi.o(.text) referenced from drvspi_port.o(.constdata)
 <LI><a href="#[c8]">bspSpiInit</a> from bspspi.o(.text) referenced from drvspi_port.o(.constdata)
 <LI><a href="#[c9]">bspSpiTransfer</a> from bspspi.o(.text) referenced from drvspi_port.o(.constdata)
 <LI><a href="#[d]">bspUartGetDataLen</a> from bspuart.o(.text) referenced 4 times from drvuart_port.o(.data)
 <LI><a href="#[9]">bspUartInit</a> from bspuart.o(.text) referenced 4 times from drvuart_port.o(.data)
 <LI><a href="#[e]">bspUartReceive</a> from bspuart.o(.text) referenced 4 times from drvuart_port.o(.data)
 <LI><a href="#[a]">bspUartTransmit</a> from bspuart.o(.text) referenced 4 times from drvuart_port.o(.data)
 <LI><a href="#[c]">bspUartTransmitDma</a> from bspuart.o(.text) referenced 4 times from drvuart_port.o(.data)
 <LI><a href="#[b]">bspUartTransmitIt</a> from bspuart.o(.text) referenced 4 times from drvuart_port.o(.data)
 <LI><a href="#[70]">cellularTask</a> from systask.o(.text) referenced from systask.o(.text)
 <LI><a href="#[af]">esp32c5PortControlInit</a> from esp32c5_port.o(.text) referenced from esp32c5_port.o(.constdata)
 <LI><a href="#[ae]">esp32c5PortGetTickMs</a> from esp32c5_port.o(.text) referenced from esp32c5_port.o(.constdata)
 <LI><a href="#[b0]">esp32c5PortSetResetLevel</a> from esp32c5_port.o(.text) referenced from esp32c5_port.o(.constdata)
 <LI><a href="#[ac]">esp32c5PortTransportGetRxLen</a> from esp32c5_port.o(.text) referenced from esp32c5_port.o(.constdata)
 <LI><a href="#[aa]">esp32c5PortTransportInit</a> from esp32c5_port.o(.text) referenced from esp32c5_port.o(.constdata)
 <LI><a href="#[ad]">esp32c5PortTransportRead</a> from esp32c5_port.o(.text) referenced from esp32c5_port.o(.constdata)
 <LI><a href="#[ab]">esp32c5PortTransportWrite</a> from esp32c5_port.o(.text) referenced from esp32c5_port.o(.constdata)
 <LI><a href="#[88]">esp32c5StreamDispatchRaw</a> from esp32c5.o(.text) referenced 2 times from esp32c5.o(.text)
 <LI><a href="#[85]">esp32c5StreamDispatchUrc</a> from esp32c5.o(.text) referenced from esp32c5.o(.text)
 <LI><a href="#[84]">esp32c5StreamGetTickMs</a> from esp32c5.o(.text) referenced from esp32c5.o(.text)
 <LI><a href="#[86]">esp32c5StreamIsUrc</a> from esp32c5.o(.text) referenced from esp32c5.o(.text)
 <LI><a href="#[87]">esp32c5StreamRawMatch</a> from esp32c5.o(.text) referenced 2 times from esp32c5.o(.text)
 <LI><a href="#[83]">esp32c5StreamSend</a> from esp32c5.o(.text) referenced from esp32c5.o(.text)
 <LI><a href="#[432]">esp32c5TxnDoneThunk</a> from esp32c5_ctrl.o(.text) referenced 2 times from esp32c5_ctrl.o(.text)
 <LI><a href="#[435]">esp32c5TxnLineThunk</a> from esp32c5_ctrl.o(.text) referenced 2 times from esp32c5_ctrl.o(.text)
 <LI><a href="#[71]">ethernetTask</a> from systask.o(.text) referenced from systask.o(.text)
 <LI><a href="#[a8]">iotManagerDebugConsoleHandler</a> from iotmanager_debug.o(.text) referenced from iotmanager_debug.o(.constdata)
 <LI><a href="#[6e]">iotManagerTask</a> from systask.o(.text) referenced from systask.o(.text)
 <LI><a href="#[89]">lfs_alloc_lookahead</a> from lfs.o(.text) referenced from lfs.o(.text)
 <LI><a href="#[8c]">lfs_dir_commit_commit</a> from lfs.o(.text) referenced 2 times from lfs.o(.text)
 <LI><a href="#[8e]">lfs_dir_commit_size</a> from lfs.o(.text) referenced from lfs.o(.text)
 <LI><a href="#[8b]">lfs_dir_find_match</a> from lfs.o(.text) referenced 2 times from lfs.o(.text)
 <LI><a href="#[8a]">lfs_dir_traverse_filter</a> from lfs.o(.text) referenced from lfs.o(.text)
 <LI><a href="#[8f]">lfs_fs_parent_match</a> from lfs.o(.text) referenced from lfs.o(.text)
 <LI><a href="#[8d]">lfs_fs_size_count</a> from lfs.o(.text) referenced from lfs.o(.text)
 <LI><a href="#[7b]">logGetDefaultTimestamp</a> from log.o(.text) referenced 3 times from log.o(.text)
 <LI><a href="#[73]">protcolMgrAesDecrypt</a> from protcolmgr.o(.text) referenced from protcolmgr.o(.text)
 <LI><a href="#[72]">protcolMgrAesEncrypt</a> from protcolmgr.o(.text) referenced from protcolmgr.o(.text)
 <LI><a href="#[a3]">protcolMgrFlushBatteryReply</a> from protcolmgr.o(.text) referenced from protcolmgr.o(.constdata)
 <LI><a href="#[a1]">protcolMgrFlushBleInfoReply</a> from protcolmgr.o(.text) referenced from protcolmgr.o(.constdata)
 <LI><a href="#[a0]">protcolMgrFlushDevInfoReply</a> from protcolmgr.o(.text) referenced from protcolmgr.o(.constdata)
 <LI><a href="#[9f]">protcolMgrFlushDisconnectReply</a> from protcolmgr.o(.text) referenced from protcolmgr.o(.constdata)
 <LI><a href="#[9d]">protcolMgrFlushHandshakeReply</a> from protcolmgr.o(.text) referenced from protcolmgr.o(.constdata)
 <LI><a href="#[9e]">protcolMgrFlushHeartbeatReply</a> from protcolmgr.o(.text) referenced from protcolmgr.o(.constdata)
 <LI><a href="#[a4]">protcolMgrFlushLanguageReply</a> from protcolmgr.o(.text) referenced from protcolmgr.o(.constdata)
 <LI><a href="#[a6]">protcolMgrFlushMetronomeReply</a> from protcolmgr.o(.text) referenced from protcolmgr.o(.constdata)
 <LI><a href="#[a7]">protcolMgrFlushUtcSettingReply</a> from protcolmgr.o(.text) referenced from protcolmgr.o(.constdata)
 <LI><a href="#[a5]">protcolMgrFlushVolumeReply</a> from protcolmgr.o(.text) referenced from protcolmgr.o(.constdata)
 <LI><a href="#[a2]">protcolMgrFlushWifiSettingReply</a> from protcolmgr.o(.text) referenced from protcolmgr.o(.constdata)
 <LI><a href="#[b9]">rtosPortDelayMsImpl</a> from rtos_port.o(.text) referenced from rtos_port.o(.constdata)
 <LI><a href="#[bc]">rtosPortEnterCriticalImpl</a> from rtos_port.o(.text) referenced from rtos_port.o(.constdata)
 <LI><a href="#[bd]">rtosPortExitCriticalImpl</a> from rtos_port.o(.text) referenced from rtos_port.o(.constdata)
 <LI><a href="#[b8]">rtosPortGetSchedulerStateImpl</a> from rtos_port.o(.text) referenced from rtos_port.o(.constdata)
 <LI><a href="#[ba]">rtosPortGetTickMsImpl</a> from rtos_port.o(.text) referenced from rtos_port.o(.constdata)
 <LI><a href="#[be]">rtosPortMutexCreateImpl</a> from rtos_port.o(.text) referenced from rtos_port.o(.constdata)
 <LI><a href="#[c0]">rtosPortMutexGiveImpl</a> from rtos_port.o(.text) referenced from rtos_port.o(.constdata)
 <LI><a href="#[bf]">rtosPortMutexTakeImpl</a> from rtos_port.o(.text) referenced from rtos_port.o(.constdata)
 <LI><a href="#[c1]">rtosPortQueueCreateImpl</a> from rtos_port.o(.text) referenced from rtos_port.o(.constdata)
 <LI><a href="#[c3]">rtosPortQueueReceiveImpl</a> from rtos_port.o(.text) referenced from rtos_port.o(.constdata)
 <LI><a href="#[c4]">rtosPortQueueResetImpl</a> from rtos_port.o(.text) referenced from rtos_port.o(.constdata)
 <LI><a href="#[c2]">rtosPortQueueSendImpl</a> from rtos_port.o(.text) referenced from rtos_port.o(.constdata)
 <LI><a href="#[c7]">rtosPortStatsInitImpl</a> from rtos_port.o(.text) referenced from rtos_port.o(.constdata)
 <LI><a href="#[c5]">rtosPortTaskCreateImpl</a> from rtos_port.o(.text) referenced from rtos_port.o(.constdata)
 <LI><a href="#[c6]">rtosPortTaskDelayUntilMsImpl</a> from rtos_port.o(.text) referenced from rtos_port.o(.constdata)
 <LI><a href="#[bb]">rtosPortYieldImpl</a> from rtos_port.o(.text) referenced from rtos_port.o(.constdata)
 <LI><a href="#[97]">systemConsoleRebootHandler</a> from sysmgr.o(.text) referenced from sysmgr.o(.constdata)
 <LI><a href="#[9b]">systemStorageFlashErase</a> from system_storage.o(.text) referenced from system_storage.o(.constdata)
 <LI><a href="#[98]">systemStorageFlashInit</a> from system_storage.o(.text) referenced from system_storage.o(.constdata)
 <LI><a href="#[9a]">systemStorageFlashProg</a> from system_storage.o(.text) referenced from system_storage.o(.constdata)
 <LI><a href="#[99]">systemStorageFlashRead</a> from system_storage.o(.text) referenced from system_storage.o(.constdata)
 <LI><a href="#[9c]">systemStorageFlashSync</a> from system_storage.o(.text) referenced from system_storage.o(.constdata)
 <LI><a href="#[6c]">systemStorageFormatTask</a> from system_storage.o(.text) referenced from system_storage.o(.text)
 <LI><a href="#[6b]">system_task</a> from systask.o(.text) referenced from main.o(.text)
 <LI><a href="#[ee]">vfsDebugConsoleCatHandler</a> from vfs_debug.o(.text) referenced from vfs_debug.o(.constdata)
 <LI><a href="#[ec]">vfsDebugConsoleCdHandler</a> from vfs_debug.o(.text) referenced from vfs_debug.o(.constdata)
 <LI><a href="#[f2]">vfsDebugConsoleDfHandler</a> from vfs_debug.o(.text) referenced from vfs_debug.o(.constdata)
 <LI><a href="#[eb]">vfsDebugConsoleLsHandler</a> from vfs_debug.o(.text) referenced from vfs_debug.o(.constdata)
 <LI><a href="#[ea]">vfsDebugConsoleMkdirHandler</a> from vfs_debug.o(.text) referenced from vfs_debug.o(.constdata)
 <LI><a href="#[f0]">vfsDebugConsoleMvHandler</a> from vfs_debug.o(.text) referenced from vfs_debug.o(.constdata)
 <LI><a href="#[ed]">vfsDebugConsolePwdHandler</a> from vfs_debug.o(.text) referenced from vfs_debug.o(.constdata)
 <LI><a href="#[f1]">vfsDebugConsoleRmHandler</a> from vfs_debug.o(.text) referenced from vfs_debug.o(.constdata)
 <LI><a href="#[ef]">vfsDebugConsoleTeeHandler</a> from vfs_debug.o(.text) referenced from vfs_debug.o(.constdata)
 <LI><a href="#[80]">vfsDebugDeleteFindFirstChildVisitor</a> from vfs_debug.o(.text) referenced from vfs_debug.o(.text)
 <LI><a href="#[82]">vfsDebugDfRootVisitor</a> from vfs_debug.o(.text) referenced from vfs_debug.o(.text)
 <LI><a href="#[81]">vfsDebugLsVisitor</a> from vfs_debug.o(.text) referenced from vfs_debug.o(.text)
 <LI><a href="#[e9]">vfsFatfsFileClose</a> from vfs_fatfs.o(.text) referenced from vfs_fatfs.o(.constdata)
 <LI><a href="#[e6]">vfsFatfsFileGetSize</a> from vfs_fatfs.o(.text) referenced from vfs_fatfs.o(.constdata)
 <LI><a href="#[e5]">vfsFatfsFileOpen</a> from vfs_fatfs.o(.text) referenced from vfs_fatfs.o(.constdata)
 <LI><a href="#[e7]">vfsFatfsFileRead</a> from vfs_fatfs.o(.text) referenced from vfs_fatfs.o(.constdata)
 <LI><a href="#[e8]">vfsFatfsFileWrite</a> from vfs_fatfs.o(.text) referenced from vfs_fatfs.o(.constdata)
 <LI><a href="#[de]">vfsFatfsFormat</a> from vfs_fatfs.o(.text) referenced from vfs_fatfs.o(.constdata)
 <LI><a href="#[df]">vfsFatfsGetSpaceInfo</a> from vfs_fatfs.o(.text) referenced from vfs_fatfs.o(.constdata)
 <LI><a href="#[e1]">vfsFatfsListDir</a> from vfs_fatfs.o(.text) referenced from vfs_fatfs.o(.constdata)
 <LI><a href="#[e2]">vfsFatfsMkdir</a> from vfs_fatfs.o(.text) referenced from vfs_fatfs.o(.constdata)
 <LI><a href="#[dc]">vfsFatfsMount</a> from vfs_fatfs.o(.text) referenced from vfs_fatfs.o(.constdata)
 <LI><a href="#[e3]">vfsFatfsRemove</a> from vfs_fatfs.o(.text) referenced from vfs_fatfs.o(.constdata)
 <LI><a href="#[e4]">vfsFatfsRename</a> from vfs_fatfs.o(.text) referenced from vfs_fatfs.o(.constdata)
 <LI><a href="#[e0]">vfsFatfsStat</a> from vfs_fatfs.o(.text) referenced from vfs_fatfs.o(.constdata)
 <LI><a href="#[dd]">vfsFatfsUnmount</a> from vfs_fatfs.o(.text) referenced from vfs_fatfs.o(.constdata)
 <LI><a href="#[7e]">vfsLittlefsErase</a> from vfs_littlefs.o(.text) referenced from vfs_littlefs.o(.text)
 <LI><a href="#[db]">vfsLittlefsFileClose</a> from vfs_littlefs.o(.text) referenced from vfs_littlefs.o(.constdata)
 <LI><a href="#[d8]">vfsLittlefsFileGetSize</a> from vfs_littlefs.o(.text) referenced from vfs_littlefs.o(.constdata)
 <LI><a href="#[d7]">vfsLittlefsFileOpen</a> from vfs_littlefs.o(.text) referenced from vfs_littlefs.o(.constdata)
 <LI><a href="#[d9]">vfsLittlefsFileRead</a> from vfs_littlefs.o(.text) referenced from vfs_littlefs.o(.constdata)
 <LI><a href="#[da]">vfsLittlefsFileWrite</a> from vfs_littlefs.o(.text) referenced from vfs_littlefs.o(.constdata)
 <LI><a href="#[d0]">vfsLittlefsFormat</a> from vfs_littlefs.o(.text) referenced from vfs_littlefs.o(.constdata)
 <LI><a href="#[d1]">vfsLittlefsGetSpaceInfo</a> from vfs_littlefs.o(.text) referenced from vfs_littlefs.o(.constdata)
 <LI><a href="#[d3]">vfsLittlefsListDir</a> from vfs_littlefs.o(.text) referenced from vfs_littlefs.o(.constdata)
 <LI><a href="#[d4]">vfsLittlefsMkdir</a> from vfs_littlefs.o(.text) referenced from vfs_littlefs.o(.constdata)
 <LI><a href="#[ce]">vfsLittlefsMount</a> from vfs_littlefs.o(.text) referenced from vfs_littlefs.o(.constdata)
 <LI><a href="#[7d]">vfsLittlefsProg</a> from vfs_littlefs.o(.text) referenced from vfs_littlefs.o(.text)
 <LI><a href="#[7c]">vfsLittlefsRead</a> from vfs_littlefs.o(.text) referenced from vfs_littlefs.o(.text)
 <LI><a href="#[d5]">vfsLittlefsRemove</a> from vfs_littlefs.o(.text) referenced from vfs_littlefs.o(.constdata)
 <LI><a href="#[d6]">vfsLittlefsRename</a> from vfs_littlefs.o(.text) referenced from vfs_littlefs.o(.constdata)
 <LI><a href="#[d2]">vfsLittlefsStat</a> from vfs_littlefs.o(.text) referenced from vfs_littlefs.o(.constdata)
 <LI><a href="#[7f]">vfsLittlefsSync</a> from vfs_littlefs.o(.text) referenced from vfs_littlefs.o(.text)
 <LI><a href="#[cf]">vfsLittlefsUnmount</a> from vfs_littlefs.o(.text) referenced from vfs_littlefs.o(.constdata)
 <LI><a href="#[6d]">vfsTask</a> from systask.o(.text) referenced from systask.o(.text)
 <LI><a href="#[cc]">w25qxxxPortSpiInit</a> from w25qxxx_port.o(.text) referenced from w25qxxx_port.o(.constdata)
 <LI><a href="#[cd]">w25qxxxPortSpiTransfer</a> from w25qxxx_port.o(.text) referenced from w25qxxx_port.o(.constdata)
 <LI><a href="#[75]">wirelessAesDecrypt</a> from wireless.o(.text) referenced from wireless.o(.text)
 <LI><a href="#[74]">wirelessAesEncrypt</a> from wireless.o(.text) referenced from wireless.o(.text)
 <LI><a href="#[a9]">wirelessDebugConsoleHandler</a> from wireless_debug.o(.text) referenced from wireless_debug.o(.constdata)
 <LI><a href="#[76]">wirelessEsp32c5UrcHandler</a> from wireless.o(.text) referenced from wireless.o(.text)
 <LI><a href="#[77]">wirelessEsp32c5UrcMatcher</a> from wireless.o(.text) referenced from wireless.o(.text)
 <LI><a href="#[78]">wirelessIotHttpLineHandler</a> from wireless.o(.text) referenced from wireless.o(.text)
 <LI><a href="#[7a]">wirelessIotMqttQueryLineHandler</a> from wireless.o(.text) referenced from wireless.o(.text)
 <LI><a href="#[79]">wirelessIotMqttSubscribeLineHandler</a> from wireless.o(.text) referenced from wireless.o(.text)
 <LI><a href="#[6f]">wirelessTask</a> from systask.o(.text) referenced from systask.o(.text)
</UL>
<P>
<H3>
Global Symbols
</H3>
<P><STRONG><a name="[f8]"></a>__main</STRONG> (Thumb, 8 bytes, Stack size 0 bytes, __main.o(!!!main))
<BR><BR>[Calls]<UL><LI><a href="#[fa]">&gt;&gt;</a>&nbsp;&nbsp;&nbsp;__rt_entry
<LI><a href="#[f9]">&gt;&gt;</a>&nbsp;&nbsp;&nbsp;__scatterload
</UL>

<P><STRONG><a name="[f9]"></a>__scatterload</STRONG> (Thumb, 0 bytes, Stack size unknown bytes, __scatter.o(!!!scatter))
<BR><BR>[Called By]<UL><LI><a href="#[f8]">&gt;&gt;</a>&nbsp;&nbsp;&nbsp;__main
</UL>

<P><STRONG><a name="[fb]"></a>__scatterload_rt2</STRONG> (Thumb, 44 bytes, Stack size unknown bytes, __scatter.o(!!!scatter), UNUSED)
<BR><BR>[Calls]<UL><LI><a href="#[fa]">&gt;&gt;</a>&nbsp;&nbsp;&nbsp;__rt_entry
</UL>

<P><STRONG><a name="[6af]"></a>__scatterload_rt2_thumb_only</STRONG> (Thumb, 0 bytes, Stack size unknown bytes, __scatter.o(!!!scatter), UNUSED)

<P><STRONG><a name="[6b0]"></a>__scatterload_null</STRONG> (Thumb, 0 bytes, Stack size unknown bytes, __scatter.o(!!!scatter), UNUSED)

<P><STRONG><a name="[6b1]"></a>__decompress</STRONG> (Thumb, 90 bytes, Stack size unknown bytes, __dczerorl2.o(!!dczerorl2), UNUSED)

<P><STRONG><a name="[6b2]"></a>__decompress1</STRONG> (Thumb, 0 bytes, Stack size unknown bytes, __dczerorl2.o(!!dczerorl2), UNUSED)

<P><STRONG><a name="[6b3]"></a>__scatterload_zeroinit</STRONG> (Thumb, 28 bytes, Stack size unknown bytes, __scatter_zi.o(!!handler_zi), UNUSED)

<P><STRONG><a name="[fc]"></a>_printf_n</STRONG> (Thumb, 0 bytes, Stack size unknown bytes, _printf_n.o(.ARM.Collect$$_printf_percent$$00000001))
<BR><BR>[Calls]<UL><LI><a href="#[fd]">&gt;&gt;</a>&nbsp;&nbsp;&nbsp;_printf_charcount
</UL>

<P><STRONG><a name="[686]"></a>_printf_percent</STRONG> (Thumb, 0 bytes, Stack size unknown bytes, _printf_percent.o(.ARM.Collect$$_printf_percent$$00000000))
<BR><BR>[Called By]<UL><LI><a href="#[684]">&gt;&gt;</a>&nbsp;&nbsp;&nbsp;__printf
</UL>

<P><STRONG><a name="[fe]"></a>_printf_p</STRONG> (Thumb, 0 bytes, Stack size unknown bytes, _printf_p.o(.ARM.Collect$$_printf_percent$$00000002))
<BR><BR>[Stack]<UL><LI>Max Depth = 64 + Unknown Stack Size
<LI>Call Chain = _printf_p &rArr; _printf_hex_ptr &rArr; _printf_longlong_hex &rArr; _printf_int_common &rArr; _printf_post_padding
</UL>
<BR>[Calls]<UL><LI><a href="#[ff]">&gt;&gt;</a>&nbsp;&nbsp;&nbsp;_printf_hex_ptr
</UL>

<P><STRONG><a name="[100]"></a>_printf_f</STRONG> (Thumb, 0 bytes, Stack size unknown bytes, _printf_f.o(.ARM.Collect$$_printf_percent$$00000003))
<BR><BR>[Stack]<UL><LI>Max Depth = 324 + Unknown Stack Size
<LI>Call Chain = _printf_f &rArr; _printf_fp_dec &rArr; _printf_fp_dec_real &rArr; _fp_digits &rArr; _btod_etento &rArr; _btod_emul &rArr; _e2e
</UL>
<BR>[Calls]<UL><LI><a href="#[101]">&gt;&gt;</a>&nbsp;&nbsp;&nbsp;_printf_fp_dec
</UL>

<P><STRONG><a name="[102]"></a>_printf_e</STRONG> (Thumb, 0 bytes, Stack size unknown bytes, _printf_e.o(.ARM.Collect$$_printf_percent$$00000004))
<BR><BR>[Stack]<UL><LI>Max Depth = 324 + Unknown Stack Size
<LI>Call Chain = _printf_e &rArr; _printf_fp_dec &rArr; _printf_fp_dec_real &rArr; _fp_digits &rArr; _btod_etento &rArr; _btod_emul &rArr; _e2e
</UL>
<BR>[Calls]<UL><LI><a href="#[101]">&gt;&gt;</a>&nbsp;&nbsp;&nbsp;_printf_fp_dec
</UL>

<P><STRONG><a name="[103]"></a>_printf_g</STRONG> (Thumb, 0 bytes, Stack size unknown bytes, _printf_g.o(.ARM.Collect$$_printf_percent$$00000005))
<BR><BR>[Stack]<UL><LI>Max Depth = 324 + Unknown Stack Size
<LI>Call Chain = _printf_g &rArr; _printf_fp_dec &rArr; _printf_fp_dec_real &rArr; _fp_digits &rArr; _btod_etento &rArr; _btod_emul &rArr; _e2e
</UL>
<BR>[Calls]<UL><LI><a href="#[101]">&gt;&gt;</a>&nbsp;&nbsp;&nbsp;_printf_fp_dec
</UL>

<P><STRONG><a name="[104]"></a>_printf_a</STRONG> (Thumb, 0 bytes, Stack size unknown bytes, _printf_a.o(.ARM.Collect$$_printf_percent$$00000006))
<BR><BR>[Stack]<UL><LI>Max Depth = 112 + Unknown Stack Size
<LI>Call Chain = _printf_a &rArr; _printf_fp_hex &rArr; _printf_fp_hex_real &rArr; _printf_fp_infnan &rArr; _printf_post_padding
</UL>
<BR>[Calls]<UL><LI><a href="#[105]">&gt;&gt;</a>&nbsp;&nbsp;&nbsp;_printf_fp_hex
</UL>

<P><STRONG><a name="[6b4]"></a>_printf_ll</STRONG> (Thumb, 0 bytes, Stack size unknown bytes, _printf_ll.o(.ARM.Collect$$_printf_percent$$00000007))

<P><STRONG><a name="[106]"></a>_printf_i</STRONG> (Thumb, 0 bytes, Stack size unknown bytes, _printf_i.o(.ARM.Collect$$_printf_percent$$00000008))
<BR><BR>[Stack]<UL><LI>Max Depth = 72 + Unknown Stack Size
<LI>Call Chain = _printf_i &rArr; _printf_int_dec &rArr; _printf_int_common &rArr; _printf_post_padding
</UL>
<BR>[Calls]<UL><LI><a href="#[107]">&gt;&gt;</a>&nbsp;&nbsp;&nbsp;_printf_int_dec
</UL>

<P><STRONG><a name="[108]"></a>_printf_d</STRONG> (Thumb, 0 bytes, Stack size unknown bytes, _printf_d.o(.ARM.Collect$$_printf_percent$$00000009))
<BR><BR>[Stack]<UL><LI>Max Depth = 72 + Unknown Stack Size
<LI>Call Chain = _printf_d &rArr; _printf_int_dec &rArr; _printf_int_common &rArr; _printf_post_padding
</UL>
<BR>[Calls]<UL><LI><a href="#[107]">&gt;&gt;</a>&nbsp;&nbsp;&nbsp;_printf_int_dec
</UL>

<P><STRONG><a name="[109]"></a>_printf_u</STRONG> (Thumb, 0 bytes, Stack size unknown bytes, _printf_u.o(.ARM.Collect$$_printf_percent$$0000000A))
<BR><BR>[Stack]<UL><LI>Max Depth = 72 + Unknown Stack Size
<LI>Call Chain = _printf_u &rArr; _printf_int_dec &rArr; _printf_int_common &rArr; _printf_post_padding
</UL>
<BR>[Calls]<UL><LI><a href="#[107]">&gt;&gt;</a>&nbsp;&nbsp;&nbsp;_printf_int_dec
</UL>

<P><STRONG><a name="[10a]"></a>_printf_o</STRONG> (Thumb, 0 bytes, Stack size unknown bytes, _printf_o.o(.ARM.Collect$$_printf_percent$$0000000B))
<BR><BR>[Stack]<UL><LI>Max Depth = 64 + Unknown Stack Size
<LI>Call Chain = _printf_o &rArr; _printf_int_oct &rArr; _printf_longlong_oct &rArr; _printf_int_common &rArr; _printf_post_padding
</UL>
<BR>[Calls]<UL><LI><a href="#[10b]">&gt;&gt;</a>&nbsp;&nbsp;&nbsp;_printf_int_oct
</UL>

<P><STRONG><a name="[10c]"></a>_printf_x</STRONG> (Thumb, 0 bytes, Stack size unknown bytes, _printf_x.o(.ARM.Collect$$_printf_percent$$0000000C))
<BR><BR>[Stack]<UL><LI>Max Depth = 80 + Unknown Stack Size
<LI>Call Chain = _printf_x &rArr; _printf_int_hex &rArr; _printf_longlong_hex &rArr; _printf_int_common &rArr; _printf_post_padding
</UL>
<BR>[Calls]<UL><LI><a href="#[10d]">&gt;&gt;</a>&nbsp;&nbsp;&nbsp;_printf_int_hex
</UL>

<P><STRONG><a name="[10e]"></a>_printf_lli</STRONG> (Thumb, 0 bytes, Stack size unknown bytes, _printf_lli.o(.ARM.Collect$$_printf_percent$$0000000D))
<BR><BR>[Stack]<UL><LI>Max Depth = 72 + Unknown Stack Size
<LI>Call Chain = _printf_lli &rArr; _printf_longlong_dec &rArr; _printf_int_common &rArr; _printf_post_padding
</UL>
<BR>[Calls]<UL><LI><a href="#[10f]">&gt;&gt;</a>&nbsp;&nbsp;&nbsp;_printf_longlong_dec
</UL>

<P><STRONG><a name="[110]"></a>_printf_lld</STRONG> (Thumb, 0 bytes, Stack size unknown bytes, _printf_lld.o(.ARM.Collect$$_printf_percent$$0000000E))
<BR><BR>[Stack]<UL><LI>Max Depth = 72 + Unknown Stack Size
<LI>Call Chain = _printf_lld &rArr; _printf_longlong_dec &rArr; _printf_int_common &rArr; _printf_post_padding
</UL>
<BR>[Calls]<UL><LI><a href="#[10f]">&gt;&gt;</a>&nbsp;&nbsp;&nbsp;_printf_longlong_dec
</UL>

<P><STRONG><a name="[111]"></a>_printf_llu</STRONG> (Thumb, 0 bytes, Stack size unknown bytes, _printf_llu.o(.ARM.Collect$$_printf_percent$$0000000F))
<BR><BR>[Stack]<UL><LI>Max Depth = 72 + Unknown Stack Size
<LI>Call Chain = _printf_llu &rArr; _printf_longlong_dec &rArr; _printf_int_common &rArr; _printf_post_padding
</UL>
<BR>[Calls]<UL><LI><a href="#[10f]">&gt;&gt;</a>&nbsp;&nbsp;&nbsp;_printf_longlong_dec
</UL>

<P><STRONG><a name="[112]"></a>_printf_llo</STRONG> (Thumb, 0 bytes, Stack size unknown bytes, _printf_llo.o(.ARM.Collect$$_printf_percent$$00000010))
<BR><BR>[Stack]<UL><LI>Max Depth = 56 + Unknown Stack Size
<LI>Call Chain = _printf_llo &rArr; _printf_ll_oct &rArr; _printf_longlong_oct &rArr; _printf_int_common &rArr; _printf_post_padding
</UL>
<BR>[Calls]<UL><LI><a href="#[113]">&gt;&gt;</a>&nbsp;&nbsp;&nbsp;_printf_ll_oct
</UL>

<P><STRONG><a name="[114]"></a>_printf_llx</STRONG> (Thumb, 0 bytes, Stack size unknown bytes, _printf_llx.o(.ARM.Collect$$_printf_percent$$00000011))
<BR><BR>[Stack]<UL><LI>Max Depth = 64 + Unknown Stack Size
<LI>Call Chain = _printf_llx &rArr; _printf_ll_hex &rArr; _printf_longlong_hex &rArr; _printf_int_common &rArr; _printf_post_padding
</UL>
<BR>[Calls]<UL><LI><a href="#[115]">&gt;&gt;</a>&nbsp;&nbsp;&nbsp;_printf_ll_hex
</UL>

<P><STRONG><a name="[6b5]"></a>_printf_l</STRONG> (Thumb, 0 bytes, Stack size unknown bytes, _printf_l.o(.ARM.Collect$$_printf_percent$$00000012))

<P><STRONG><a name="[116]"></a>_printf_c</STRONG> (Thumb, 0 bytes, Stack size unknown bytes, _printf_c.o(.ARM.Collect$$_printf_percent$$00000013))
<BR><BR>[Stack]<UL><LI>Max Depth = 40 + Unknown Stack Size
<LI>Call Chain = _printf_c &rArr; _printf_char &rArr; _printf_cs_common &rArr; _printf_str &rArr; _printf_post_padding
</UL>
<BR>[Calls]<UL><LI><a href="#[117]">&gt;&gt;</a>&nbsp;&nbsp;&nbsp;_printf_char
</UL>

<P><STRONG><a name="[118]"></a>_printf_s</STRONG> (Thumb, 0 bytes, Stack size unknown bytes, _printf_s.o(.ARM.Collect$$_printf_percent$$00000014))
<BR><BR>[Stack]<UL><LI>Max Depth = 40 + Unknown Stack Size
<LI>Call Chain = _printf_s &rArr; _printf_string &rArr; _printf_cs_common &rArr; _printf_str &rArr; _printf_post_padding
</UL>
<BR>[Calls]<UL><LI><a href="#[119]">&gt;&gt;</a>&nbsp;&nbsp;&nbsp;_printf_string
</UL>

<P><STRONG><a name="[11a]"></a>_printf_lc</STRONG> (Thumb, 0 bytes, Stack size unknown bytes, _printf_lc.o(.ARM.Collect$$_printf_percent$$00000015))
<BR><BR>[Stack]<UL><LI>Max Depth = 88 + Unknown Stack Size
<LI>Call Chain = _printf_lc &rArr; _printf_wchar &rArr; _printf_lcs_common &rArr; _printf_wctomb &rArr; _wcrtomb &rArr; __rt_ctype_table
</UL>
<BR>[Calls]<UL><LI><a href="#[11b]">&gt;&gt;</a>&nbsp;&nbsp;&nbsp;_printf_wchar
</UL>

<P><STRONG><a name="[11c]"></a>_printf_ls</STRONG> (Thumb, 0 bytes, Stack size unknown bytes, _printf_ls.o(.ARM.Collect$$_printf_percent$$00000016))
<BR><BR>[Stack]<UL><LI>Max Depth = 88 + Unknown Stack Size
<LI>Call Chain = _printf_ls &rArr; _printf_wstring &rArr; _printf_lcs_common &rArr; _printf_wctomb &rArr; _wcrtomb &rArr; __rt_ctype_table
</UL>
<BR>[Calls]<UL><LI><a href="#[11d]">&gt;&gt;</a>&nbsp;&nbsp;&nbsp;_printf_wstring
</UL>

<P><STRONG><a name="[6b6]"></a>_printf_percent_end</STRONG> (Thumb, 0 bytes, Stack size unknown bytes, _printf_percent_end.o(.ARM.Collect$$_printf_percent$$00000017))

<P><STRONG><a name="[12a]"></a>__rt_lib_init</STRONG> (Thumb, 0 bytes, Stack size unknown bytes, libinit.o(.ARM.Collect$$libinit$$00000000))
<BR><BR>[Called By]<UL><LI><a href="#[129]">&gt;&gt;</a>&nbsp;&nbsp;&nbsp;__rt_entry_li
</UL>

<P><STRONG><a name="[11e]"></a>__rt_lib_init_fp_1</STRONG> (Thumb, 0 bytes, Stack size unknown bytes, libinit2.o(.ARM.Collect$$libinit$$00000001))
<BR><BR>[Calls]<UL><LI><a href="#[11f]">&gt;&gt;</a>&nbsp;&nbsp;&nbsp;_fp_init
</UL>

<P><STRONG><a name="[120]"></a>__rt_lib_init_heap_2</STRONG> (Thumb, 0 bytes, Stack size unknown bytes, libinit2.o(.ARM.Collect$$libinit$$00000005))
<BR><BR>[Stack]<UL><LI>Max Depth = 56 + Unknown Stack Size
<LI>Call Chain = __rt_lib_init_heap_2 &rArr; _init_alloc &rArr; __rt_SIGRTMEM &rArr; __rt_SIGRTMEM_inner &rArr; __default_signal_display
</UL>
<BR>[Calls]<UL><LI><a href="#[121]">&gt;&gt;</a>&nbsp;&nbsp;&nbsp;_init_alloc
</UL>

<P><STRONG><a name="[6b7]"></a>__rt_lib_init_preinit_1</STRONG> (Thumb, 0 bytes, Stack size unknown bytes, libinit2.o(.ARM.Collect$$libinit$$00000004))

<P><STRONG><a name="[6b8]"></a>__rt_lib_init_heap_1</STRONG> (Thumb, 0 bytes, Stack size unknown bytes, libinit2.o(.ARM.Collect$$libinit$$0000000A))

<P><STRONG><a name="[122]"></a>__rt_lib_init_lc_common</STRONG> (Thumb, 0 bytes, Stack size unknown bytes, libinit2.o(.ARM.Collect$$libinit$$0000000F))
<BR><BR>[Calls]<UL><LI><a href="#[123]">&gt;&gt;</a>&nbsp;&nbsp;&nbsp;__rt_locale
</UL>

<P><STRONG><a name="[6b9]"></a>__rt_lib_init_rand_1</STRONG> (Thumb, 0 bytes, Stack size unknown bytes, libinit2.o(.ARM.Collect$$libinit$$0000000E))

<P><STRONG><a name="[6ba]"></a>__rt_lib_init_user_alloc_1</STRONG> (Thumb, 0 bytes, Stack size unknown bytes, libinit2.o(.ARM.Collect$$libinit$$0000000C))

<P><STRONG><a name="[6bb]"></a>__rt_lib_init_lc_collate_1</STRONG> (Thumb, 0 bytes, Stack size unknown bytes, libinit2.o(.ARM.Collect$$libinit$$00000011))

<P><STRONG><a name="[124]"></a>__rt_lib_init_lc_ctype_2</STRONG> (Thumb, 0 bytes, Stack size unknown bytes, libinit2.o(.ARM.Collect$$libinit$$00000012))
<BR><BR>[Stack]<UL><LI>Max Depth = 8 + Unknown Stack Size
<LI>Call Chain = __rt_lib_init_lc_ctype_2 &rArr; _get_lc_ctype
</UL>
<BR>[Calls]<UL><LI><a href="#[95]">&gt;&gt;</a>&nbsp;&nbsp;&nbsp;_get_lc_ctype
</UL>

<P><STRONG><a name="[6bc]"></a>__rt_lib_init_lc_ctype_1</STRONG> (Thumb, 0 bytes, Stack size unknown bytes, libinit2.o(.ARM.Collect$$libinit$$00000013))

<P><STRONG><a name="[6bd]"></a>__rt_lib_init_lc_monetary_1</STRONG> (Thumb, 0 bytes, Stack size unknown bytes, libinit2.o(.ARM.Collect$$libinit$$00000015))

<P><STRONG><a name="[125]"></a>__rt_lib_init_lc_numeric_2</STRONG> (Thumb, 0 bytes, Stack size unknown bytes, libinit2.o(.ARM.Collect$$libinit$$00000016))
<BR><BR>[Stack]<UL><LI>Max Depth = 8 + Unknown Stack Size
<LI>Call Chain = __rt_lib_init_lc_numeric_2 &rArr; _get_lc_numeric
</UL>
<BR>[Calls]<UL><LI><a href="#[126]">&gt;&gt;</a>&nbsp;&nbsp;&nbsp;_get_lc_numeric
</UL>

<P><STRONG><a name="[6be]"></a>__rt_lib_init_alloca_1</STRONG> (Thumb, 0 bytes, Stack size unknown bytes, libinit2.o(.ARM.Collect$$libinit$$0000002E))

<P><STRONG><a name="[6bf]"></a>__rt_lib_init_argv_1</STRONG> (Thumb, 0 bytes, Stack size unknown bytes, libinit2.o(.ARM.Collect$$libinit$$0000002C))

<P><STRONG><a name="[6c0]"></a>__rt_lib_init_atexit_1</STRONG> (Thumb, 0 bytes, Stack size unknown bytes, libinit2.o(.ARM.Collect$$libinit$$0000001B))

<P><STRONG><a name="[6c1]"></a>__rt_lib_init_clock_1</STRONG> (Thumb, 0 bytes, Stack size unknown bytes, libinit2.o(.ARM.Collect$$libinit$$00000021))

<P><STRONG><a name="[6c2]"></a>__rt_lib_init_cpp_1</STRONG> (Thumb, 0 bytes, Stack size unknown bytes, libinit2.o(.ARM.Collect$$libinit$$00000032))

<P><STRONG><a name="[6c3]"></a>__rt_lib_init_exceptions_1</STRONG> (Thumb, 0 bytes, Stack size unknown bytes, libinit2.o(.ARM.Collect$$libinit$$00000030))

<P><STRONG><a name="[6c4]"></a>__rt_lib_init_fp_trap_1</STRONG> (Thumb, 0 bytes, Stack size unknown bytes, libinit2.o(.ARM.Collect$$libinit$$0000001F))

<P><STRONG><a name="[6c5]"></a>__rt_lib_init_getenv_1</STRONG> (Thumb, 0 bytes, Stack size unknown bytes, libinit2.o(.ARM.Collect$$libinit$$00000023))

<P><STRONG><a name="[6c6]"></a>__rt_lib_init_lc_numeric_1</STRONG> (Thumb, 0 bytes, Stack size unknown bytes, libinit2.o(.ARM.Collect$$libinit$$00000017))

<P><STRONG><a name="[6c7]"></a>__rt_lib_init_lc_time_1</STRONG> (Thumb, 0 bytes, Stack size unknown bytes, libinit2.o(.ARM.Collect$$libinit$$00000019))

<P><STRONG><a name="[6c8]"></a>__rt_lib_init_return</STRONG> (Thumb, 0 bytes, Stack size unknown bytes, libinit2.o(.ARM.Collect$$libinit$$00000033))

<P><STRONG><a name="[6c9]"></a>__rt_lib_init_signal_1</STRONG> (Thumb, 0 bytes, Stack size unknown bytes, libinit2.o(.ARM.Collect$$libinit$$0000001D))

<P><STRONG><a name="[6ca]"></a>__rt_lib_init_stdio_1</STRONG> (Thumb, 0 bytes, Stack size unknown bytes, libinit2.o(.ARM.Collect$$libinit$$00000025))

<P><STRONG><a name="[12f]"></a>__rt_lib_shutdown</STRONG> (Thumb, 0 bytes, Stack size unknown bytes, libshutdown.o(.ARM.Collect$$libshutdown$$00000000))
<BR><BR>[Called By]<UL><LI><a href="#[12e]">&gt;&gt;</a>&nbsp;&nbsp;&nbsp;__rt_exit_ls
</UL>

<P><STRONG><a name="[6cb]"></a>__rt_lib_shutdown_cpp_1</STRONG> (Thumb, 0 bytes, Stack size unknown bytes, libshutdown2.o(.ARM.Collect$$libshutdown$$00000004))

<P><STRONG><a name="[6cc]"></a>__rt_lib_shutdown_fini_1</STRONG> (Thumb, 0 bytes, Stack size unknown bytes, libshutdown2.o(.ARM.Collect$$libshutdown$$00000002))

<P><STRONG><a name="[6cd]"></a>__rt_lib_shutdown_fp_trap_1</STRONG> (Thumb, 0 bytes, Stack size unknown bytes, libshutdown2.o(.ARM.Collect$$libshutdown$$00000009))

<P><STRONG><a name="[6ce]"></a>__rt_lib_shutdown_heap_1</STRONG> (Thumb, 0 bytes, Stack size unknown bytes, libshutdown2.o(.ARM.Collect$$libshutdown$$00000011))

<P><STRONG><a name="[6cf]"></a>__rt_lib_shutdown_return</STRONG> (Thumb, 0 bytes, Stack size unknown bytes, libshutdown2.o(.ARM.Collect$$libshutdown$$00000012))

<P><STRONG><a name="[6d0]"></a>__rt_lib_shutdown_signal_1</STRONG> (Thumb, 0 bytes, Stack size unknown bytes, libshutdown2.o(.ARM.Collect$$libshutdown$$0000000C))

<P><STRONG><a name="[6d1]"></a>__rt_lib_shutdown_stdio_1</STRONG> (Thumb, 0 bytes, Stack size unknown bytes, libshutdown2.o(.ARM.Collect$$libshutdown$$00000006))

<P><STRONG><a name="[6d2]"></a>__rt_lib_shutdown_user_alloc_1</STRONG> (Thumb, 0 bytes, Stack size unknown bytes, libshutdown2.o(.ARM.Collect$$libshutdown$$0000000E))

<P><STRONG><a name="[fa]"></a>__rt_entry</STRONG> (Thumb, 0 bytes, Stack size unknown bytes, __rtentry.o(.ARM.Collect$$rtentry$$00000000))
<BR><BR>[Called By]<UL><LI><a href="#[f8]">&gt;&gt;</a>&nbsp;&nbsp;&nbsp;__main
<LI><a href="#[fb]">&gt;&gt;</a>&nbsp;&nbsp;&nbsp;__scatterload_rt2
</UL>

<P><STRONG><a name="[6d3]"></a>__rt_entry_presh_1</STRONG> (Thumb, 0 bytes, Stack size unknown bytes, __rtentry2.o(.ARM.Collect$$rtentry$$00000002))

<P><STRONG><a name="[127]"></a>__rt_entry_sh</STRONG> (Thumb, 0 bytes, Stack size unknown bytes, __rtentry4.o(.ARM.Collect$$rtentry$$00000004))
<BR><BR>[Stack]<UL><LI>Max Depth = 8 + Unknown Stack Size
<LI>Call Chain = __rt_entry_sh &rArr; __user_setup_stackheap
</UL>
<BR>[Calls]<UL><LI><a href="#[128]">&gt;&gt;</a>&nbsp;&nbsp;&nbsp;__user_setup_stackheap
</UL>

<P><STRONG><a name="[129]"></a>__rt_entry_li</STRONG> (Thumb, 0 bytes, Stack size unknown bytes, __rtentry2.o(.ARM.Collect$$rtentry$$0000000A))
<BR><BR>[Calls]<UL><LI><a href="#[12a]">&gt;&gt;</a>&nbsp;&nbsp;&nbsp;__rt_lib_init
</UL>

<P><STRONG><a name="[6d4]"></a>__rt_entry_postsh_1</STRONG> (Thumb, 0 bytes, Stack size unknown bytes, __rtentry2.o(.ARM.Collect$$rtentry$$00000009))

<P><STRONG><a name="[12b]"></a>__rt_entry_main</STRONG> (Thumb, 0 bytes, Stack size unknown bytes, __rtentry2.o(.ARM.Collect$$rtentry$$0000000D))
<BR><BR>[Stack]<UL><LI>Max Depth = 216 + Unknown Stack Size
<LI>Call Chain = __rt_entry_main &rArr; main &rArr; OSInit &rArr; OS_TmrInit &rArr; OSTaskCreate &rArr; OSSched &rArr; OS_PrioGetHighest
</UL>
<BR>[Calls]<UL><LI><a href="#[12c]">&gt;&gt;</a>&nbsp;&nbsp;&nbsp;main
<LI><a href="#[12d]">&gt;&gt;</a>&nbsp;&nbsp;&nbsp;exit
</UL>

<P><STRONG><a name="[6d5]"></a>__rt_entry_postli_1</STRONG> (Thumb, 0 bytes, Stack size unknown bytes, __rtentry2.o(.ARM.Collect$$rtentry$$0000000C))

<P><STRONG><a name="[6a7]"></a>__rt_exit</STRONG> (Thumb, 0 bytes, Stack size unknown bytes, rtexit.o(.ARM.Collect$$rtexit$$00000000))
<BR><BR>[Called By]<UL><LI><a href="#[12d]">&gt;&gt;</a>&nbsp;&nbsp;&nbsp;exit
</UL>

<P><STRONG><a name="[12e]"></a>__rt_exit_ls</STRONG> (Thumb, 0 bytes, Stack size unknown bytes, rtexit2.o(.ARM.Collect$$rtexit$$00000003))
<BR><BR>[Calls]<UL><LI><a href="#[12f]">&gt;&gt;</a>&nbsp;&nbsp;&nbsp;__rt_lib_shutdown
</UL>

<P><STRONG><a name="[6d6]"></a>__rt_exit_prels_1</STRONG> (Thumb, 0 bytes, Stack size unknown bytes, rtexit2.o(.ARM.Collect$$rtexit$$00000002))

<P><STRONG><a name="[130]"></a>__rt_exit_exit</STRONG> (Thumb, 0 bytes, Stack size unknown bytes, rtexit2.o(.ARM.Collect$$rtexit$$00000004))
<BR><BR>[Calls]<UL><LI><a href="#[131]">&gt;&gt;</a>&nbsp;&nbsp;&nbsp;_sys_exit
</UL>

<P><STRONG><a name="[347]"></a>__asm___7_trace_c_8b366b26__traceGetMainStackPointer</STRONG> (Thumb, 6 bytes, Stack size 0 bytes, trace.o(.emb_text))
<BR><BR>[Called By]<UL><LI><a href="#[345]">&gt;&gt;</a>&nbsp;&nbsp;&nbsp;traceFaultCapture
</UL>

<P><STRONG><a name="[348]"></a>__asm___7_trace_c_8b366b26__traceGetProcessStackPointer</STRONG> (Thumb, 6 bytes, Stack size 0 bytes, trace.o(.emb_text))
<BR><BR>[Called By]<UL><LI><a href="#[345]">&gt;&gt;</a>&nbsp;&nbsp;&nbsp;traceFaultCapture
</UL>

<P><STRONG><a name="[34a]"></a>__asm___7_trace_c_8b366b26__traceDisableInterrupts</STRONG> (Thumb, 4 bytes, Stack size 0 bytes, trace.o(.emb_text))
<BR><BR>[Called By]<UL><LI><a href="#[349]">&gt;&gt;</a>&nbsp;&nbsp;&nbsp;traceFaultHandle
</UL>

<P><STRONG><a name="[11]"></a>HardFault_Handler</STRONG> (Thumb, 20 bytes, Stack size 0 bytes, trace.o(.emb_text))
<BR><BR>[Stack]<UL><LI>Max Depth = 280<LI>Call Chain = HardFault_Handler &rArr; traceHardFaultHandlerC &rArr; traceFaultHandle &rArr; traceFaultReport &rArr; traceWriteLabelHex32 &rArr; traceWriteHex32 &rArr; traceFaultPlatformTransportWrite &rArr; bspRttLogWrite &rArr; SEGGER_RTT_Write &rArr; SEGGER_RTT_WriteNoLock &rArr; _WriteBlocking
</UL>
<BR>[Calls]<UL><LI><a href="#[132]">&gt;&gt;</a>&nbsp;&nbsp;&nbsp;traceHardFaultHandlerC
</UL>
<BR>[Address Reference Count : 1]<UL><LI> startup_stm32f40_41xxx.o(RESET)
</UL>
<P><STRONG><a name="[12]"></a>MemManage_Handler</STRONG> (Thumb, 20 bytes, Stack size 0 bytes, trace.o(.emb_text))
<BR><BR>[Stack]<UL><LI>Max Depth = 280<LI>Call Chain = MemManage_Handler &rArr; traceMemManageHandlerC &rArr; traceFaultHandle &rArr; traceFaultReport &rArr; traceWriteLabelHex32 &rArr; traceWriteHex32 &rArr; traceFaultPlatformTransportWrite &rArr; bspRttLogWrite &rArr; SEGGER_RTT_Write &rArr; SEGGER_RTT_WriteNoLock &rArr; _WriteBlocking
</UL>
<BR>[Calls]<UL><LI><a href="#[133]">&gt;&gt;</a>&nbsp;&nbsp;&nbsp;traceMemManageHandlerC
</UL>
<BR>[Address Reference Count : 1]<UL><LI> startup_stm32f40_41xxx.o(RESET)
</UL>
<P><STRONG><a name="[13]"></a>BusFault_Handler</STRONG> (Thumb, 20 bytes, Stack size 0 bytes, trace.o(.emb_text))
<BR><BR>[Stack]<UL><LI>Max Depth = 280<LI>Call Chain = BusFault_Handler &rArr; traceBusFaultHandlerC &rArr; traceFaultHandle &rArr; traceFaultReport &rArr; traceWriteLabelHex32 &rArr; traceWriteHex32 &rArr; traceFaultPlatformTransportWrite &rArr; bspRttLogWrite &rArr; SEGGER_RTT_Write &rArr; SEGGER_RTT_WriteNoLock &rArr; _WriteBlocking
</UL>
<BR>[Calls]<UL><LI><a href="#[134]">&gt;&gt;</a>&nbsp;&nbsp;&nbsp;traceBusFaultHandlerC
</UL>
<BR>[Address Reference Count : 1]<UL><LI> startup_stm32f40_41xxx.o(RESET)
</UL>
<P><STRONG><a name="[14]"></a>UsageFault_Handler</STRONG> (Thumb, 20 bytes, Stack size 0 bytes, trace.o(.emb_text))
<BR><BR>[Stack]<UL><LI>Max Depth = 280<LI>Call Chain = UsageFault_Handler &rArr; traceUsageFaultHandlerC &rArr; traceFaultHandle &rArr; traceFaultReport &rArr; traceWriteLabelHex32 &rArr; traceWriteHex32 &rArr; traceFaultPlatformTransportWrite &rArr; bspRttLogWrite &rArr; SEGGER_RTT_Write &rArr; SEGGER_RTT_WriteNoLock &rArr; _WriteBlocking
</UL>
<BR>[Calls]<UL><LI><a href="#[135]">&gt;&gt;</a>&nbsp;&nbsp;&nbsp;traceUsageFaultHandlerC
</UL>
<BR>[Address Reference Count : 1]<UL><LI> startup_stm32f40_41xxx.o(RESET)
</UL>
<P><STRONG><a name="[6d7]"></a>_maybe_terminate_alloc</STRONG> (Thumb, 0 bytes, Stack size 40 bytes, maybetermalloc1.o(.emb_text), UNUSED)

<P><STRONG><a name="[12c]"></a>main</STRONG> (Thumb, 100 bytes, Stack size 40 bytes, main.o(.text))
<BR><BR>[Stack]<UL><LI>Max Depth = 216 + Unknown Stack Size
<LI>Call Chain = main &rArr; OSInit &rArr; OS_TmrInit &rArr; OSTaskCreate &rArr; OSSched &rArr; OS_PrioGetHighest
</UL>
<BR>[Calls]<UL><LI><a href="#[136]">&gt;&gt;</a>&nbsp;&nbsp;&nbsp;systick_init
<LI><a href="#[13a]">&gt;&gt;</a>&nbsp;&nbsp;&nbsp;OSTaskCreate
<LI><a href="#[13b]">&gt;&gt;</a>&nbsp;&nbsp;&nbsp;OSStart
<LI><a href="#[139]">&gt;&gt;</a>&nbsp;&nbsp;&nbsp;OSInit
<LI><a href="#[138]">&gt;&gt;</a>&nbsp;&nbsp;&nbsp;NVIC_PriorityGroupConfig
<LI><a href="#[137]">&gt;&gt;</a>&nbsp;&nbsp;&nbsp;LED_Init
</UL>
<BR>[Called By]<UL><LI><a href="#[12b]">&gt;&gt;</a>&nbsp;&nbsp;&nbsp;__rt_entry_main
</UL>

<P><STRONG><a name="[10]"></a>NMI_Handler</STRONG> (Thumb, 2 bytes, Stack size 0 bytes, stm32f4xx_it.o(.text))
<BR>[Address Reference Count : 1]<UL><LI> startup_stm32f40_41xxx.o(RESET)
</UL>
<P><STRONG><a name="[15]"></a>SVC_Handler</STRONG> (Thumb, 2 bytes, Stack size 0 bytes, stm32f4xx_it.o(.text))
<BR>[Address Reference Count : 1]<UL><LI> startup_stm32f40_41xxx.o(RESET)
</UL>
<P><STRONG><a name="[16]"></a>DebugMon_Handler</STRONG> (Thumb, 2 bytes, Stack size 0 bytes, stm32f4xx_it.o(.text))
<BR>[Address Reference Count : 1]<UL><LI> startup_stm32f40_41xxx.o(RESET)
</UL>
<P><STRONG><a name="[3f]"></a>USART2_IRQHandler</STRONG> (Thumb, 18 bytes, Stack size 8 bytes, stm32f4xx_it.o(.text))
<BR><BR>[Stack]<UL><LI>Max Depth = 120 + Unknown Stack Size
<LI>Call Chain = USART2_IRQHandler &rArr; bspUartHandleIrq &rArr; bspUartServiceRxDma &rArr; bspUartPushBuffer &rArr; bspUartStorePendingRxTrace
</UL>
<BR>[Calls]<UL><LI><a href="#[13d]">&gt;&gt;</a>&nbsp;&nbsp;&nbsp;bspUartHandleIrq
<LI><a href="#[13e]">&gt;&gt;</a>&nbsp;&nbsp;&nbsp;OSIntExit
<LI><a href="#[13c]">&gt;&gt;</a>&nbsp;&nbsp;&nbsp;OSIntEnter
</UL>
<BR>[Address Reference Count : 1]<UL><LI> startup_stm32f40_41xxx.o(RESET)
</UL>
<P><STRONG><a name="[29]"></a>DMA1_Stream5_IRQHandler</STRONG> (Thumb, 18 bytes, Stack size 8 bytes, stm32f4xx_it.o(.text))
<BR><BR>[Stack]<UL><LI>Max Depth = 120 + Unknown Stack Size
<LI>Call Chain = DMA1_Stream5_IRQHandler &rArr; bspUartHandleDmaRxIrq &rArr; bspUartServiceRxDma &rArr; bspUartPushBuffer &rArr; bspUartStorePendingRxTrace
</UL>
<BR>[Calls]<UL><LI><a href="#[13f]">&gt;&gt;</a>&nbsp;&nbsp;&nbsp;bspUartHandleDmaRxIrq
<LI><a href="#[13e]">&gt;&gt;</a>&nbsp;&nbsp;&nbsp;OSIntExit
<LI><a href="#[13c]">&gt;&gt;</a>&nbsp;&nbsp;&nbsp;OSIntEnter
</UL>
<BR>[Address Reference Count : 1]<UL><LI> startup_stm32f40_41xxx.o(RESET)
</UL>
<P><STRONG><a name="[2a]"></a>DMA1_Stream6_IRQHandler</STRONG> (Thumb, 18 bytes, Stack size 8 bytes, stm32f4xx_it.o(.text))
<BR><BR>[Stack]<UL><LI>Max Depth = 40 + Unknown Stack Size
<LI>Call Chain = DMA1_Stream6_IRQHandler &rArr; bspUartHandleDmaTxIrq &rArr; DMA_GetITStatus
</UL>
<BR>[Calls]<UL><LI><a href="#[140]">&gt;&gt;</a>&nbsp;&nbsp;&nbsp;bspUartHandleDmaTxIrq
<LI><a href="#[13e]">&gt;&gt;</a>&nbsp;&nbsp;&nbsp;OSIntExit
<LI><a href="#[13c]">&gt;&gt;</a>&nbsp;&nbsp;&nbsp;OSIntEnter
</UL>
<BR>[Address Reference Count : 1]<UL><LI> startup_stm32f40_41xxx.o(RESET)
</UL>
<P><STRONG><a name="[40]"></a>USART3_IRQHandler</STRONG> (Thumb, 18 bytes, Stack size 8 bytes, stm32f4xx_it.o(.text))
<BR><BR>[Stack]<UL><LI>Max Depth = 120 + Unknown Stack Size
<LI>Call Chain = USART3_IRQHandler &rArr; bspUartHandleIrq &rArr; bspUartServiceRxDma &rArr; bspUartPushBuffer &rArr; bspUartStorePendingRxTrace
</UL>
<BR>[Calls]<UL><LI><a href="#[13d]">&gt;&gt;</a>&nbsp;&nbsp;&nbsp;bspUartHandleIrq
<LI><a href="#[13e]">&gt;&gt;</a>&nbsp;&nbsp;&nbsp;OSIntExit
<LI><a href="#[13c]">&gt;&gt;</a>&nbsp;&nbsp;&nbsp;OSIntEnter
</UL>
<BR>[Address Reference Count : 1]<UL><LI> startup_stm32f40_41xxx.o(RESET)
</UL>
<P><STRONG><a name="[25]"></a>DMA1_Stream1_IRQHandler</STRONG> (Thumb, 18 bytes, Stack size 8 bytes, stm32f4xx_it.o(.text))
<BR><BR>[Stack]<UL><LI>Max Depth = 120 + Unknown Stack Size
<LI>Call Chain = DMA1_Stream1_IRQHandler &rArr; bspUartHandleDmaRxIrq &rArr; bspUartServiceRxDma &rArr; bspUartPushBuffer &rArr; bspUartStorePendingRxTrace
</UL>
<BR>[Calls]<UL><LI><a href="#[13f]">&gt;&gt;</a>&nbsp;&nbsp;&nbsp;bspUartHandleDmaRxIrq
<LI><a href="#[13e]">&gt;&gt;</a>&nbsp;&nbsp;&nbsp;OSIntExit
<LI><a href="#[13c]">&gt;&gt;</a>&nbsp;&nbsp;&nbsp;OSIntEnter
</UL>
<BR>[Address Reference Count : 1]<UL><LI> startup_stm32f40_41xxx.o(RESET)
</UL>
<P><STRONG><a name="[27]"></a>DMA1_Stream3_IRQHandler</STRONG> (Thumb, 18 bytes, Stack size 8 bytes, stm32f4xx_it.o(.text))
<BR><BR>[Stack]<UL><LI>Max Depth = 40 + Unknown Stack Size
<LI>Call Chain = DMA1_Stream3_IRQHandler &rArr; bspUartHandleDmaTxIrq &rArr; DMA_GetITStatus
</UL>
<BR>[Calls]<UL><LI><a href="#[140]">&gt;&gt;</a>&nbsp;&nbsp;&nbsp;bspUartHandleDmaTxIrq
<LI><a href="#[13e]">&gt;&gt;</a>&nbsp;&nbsp;&nbsp;OSIntExit
<LI><a href="#[13c]">&gt;&gt;</a>&nbsp;&nbsp;&nbsp;OSIntEnter
</UL>
<BR>[Address Reference Count : 1]<UL><LI> startup_stm32f40_41xxx.o(RESET)
</UL>
<P><STRONG><a name="[90]"></a>SystemInit</STRONG> (Thumb, 88 bytes, Stack size 8 bytes, system_stm32f4xx.o(.text))
<BR><BR>[Stack]<UL><LI>Max Depth = 20<LI>Call Chain = SystemInit &rArr; SetSysClock
</UL>
<BR>[Calls]<UL><LI><a href="#[141]">&gt;&gt;</a>&nbsp;&nbsp;&nbsp;SetSysClock
</UL>
<BR>[Address Reference Count : 1]<UL><LI> startup_stm32f40_41xxx.o(.text)
</UL>
<P><STRONG><a name="[6d8]"></a>SystemCoreClockUpdate</STRONG> (Thumb, 174 bytes, Stack size 16 bytes, system_stm32f4xx.o(.text), UNUSED)

<P><STRONG><a name="[15c]"></a>systemGetMode</STRONG> (Thumb, 6 bytes, Stack size 0 bytes, system.o(.text))
<BR><BR>[Called By]<UL><LI><a href="#[15b]">&gt;&gt;</a>&nbsp;&nbsp;&nbsp;systemManagerRun
</UL>

<P><STRONG><a name="[157]"></a>systemSetMode</STRONG> (Thumb, 14 bytes, Stack size 0 bytes, system.o(.text))
<BR><BR>[Called By]<UL><LI><a href="#[15b]">&gt;&gt;</a>&nbsp;&nbsp;&nbsp;systemManagerRun
<LI><a href="#[151]">&gt;&gt;</a>&nbsp;&nbsp;&nbsp;systemInitMode
</UL>

<P><STRONG><a name="[6d9]"></a>systemGetModeString</STRONG> (Thumb, 22 bytes, Stack size 0 bytes, system.o(.text), UNUSED)

<P><STRONG><a name="[15b]"></a>systemManagerRun</STRONG> (Thumb, 46 bytes, Stack size 8 bytes, sysmgr.o(.text))
<BR><BR>[Stack]<UL><LI>Max Depth = 472 + Unknown Stack Size
<LI>Call Chain = systemManagerRun &rArr; systemInitMode &rArr; systemStorageIsBusy &rArr; vfsIsMounted &rArr; vfsInit &rArr; logWrite &rArr; logVWrite &rArr; logFormatLine &rArr; __2snprintf &rArr; _printf_char_common &rArr; __printf
</UL>
<BR>[Calls]<UL><LI><a href="#[158]">&gt;&gt;</a>&nbsp;&nbsp;&nbsp;systemNormalMode
<LI><a href="#[151]">&gt;&gt;</a>&nbsp;&nbsp;&nbsp;systemInitMode
<LI><a href="#[14f]">&gt;&gt;</a>&nbsp;&nbsp;&nbsp;systemConsoleServiceProcess
<LI><a href="#[14a]">&gt;&gt;</a>&nbsp;&nbsp;&nbsp;systemConsoleServiceInit
<LI><a href="#[157]">&gt;&gt;</a>&nbsp;&nbsp;&nbsp;systemSetMode
<LI><a href="#[15c]">&gt;&gt;</a>&nbsp;&nbsp;&nbsp;systemGetMode
</UL>
<BR>[Called By]<UL><LI><a href="#[6b]">&gt;&gt;</a>&nbsp;&nbsp;&nbsp;system_task
</UL>

<P><STRONG><a name="[178]"></a>systemStorageProcess</STRONG> (Thumb, 198 bytes, Stack size 8 bytes, system_storage.o(.text))
<BR><BR>[Stack]<UL><LI>Max Depth = 536 + Unknown Stack Size
<LI>Call Chain = systemStorageProcess &rArr; systemStorageRegisterMounts &rArr; vfsRegisterMount &rArr; vfsMountInt &rArr; logWrite &rArr; logVWrite &rArr; logFormatLine &rArr; __2snprintf &rArr; _printf_char_common &rArr; __printf
</UL>
<BR>[Calls]<UL><LI><a href="#[179]">&gt;&gt;</a>&nbsp;&nbsp;&nbsp;vfsInit
<LI><a href="#[160]">&gt;&gt;</a>&nbsp;&nbsp;&nbsp;vfsGetStatus
<LI><a href="#[17a]">&gt;&gt;</a>&nbsp;&nbsp;&nbsp;vfsDebugConsoleRegister
<LI><a href="#[172]">&gt;&gt;</a>&nbsp;&nbsp;&nbsp;systemStorageRegisterMounts
<LI><a href="#[16f]">&gt;&gt;</a>&nbsp;&nbsp;&nbsp;systemStoragePrepareFlash
<LI><a href="#[16b]">&gt;&gt;</a>&nbsp;&nbsp;&nbsp;systemStorageTryMount
<LI><a href="#[161]">&gt;&gt;</a>&nbsp;&nbsp;&nbsp;systemStorageEnsureFormatTask
<LI><a href="#[147]">&gt;&gt;</a>&nbsp;&nbsp;&nbsp;logWrite
</UL>
<BR>[Called By]<UL><LI><a href="#[6d]">&gt;&gt;</a>&nbsp;&nbsp;&nbsp;vfsTask
</UL>

<P><STRONG><a name="[153]"></a>systemStorageIsReady</STRONG> (Thumb, 6 bytes, Stack size 0 bytes, system_storage.o(.text))
<BR><BR>[Called By]<UL><LI><a href="#[151]">&gt;&gt;</a>&nbsp;&nbsp;&nbsp;systemInitMode
</UL>

<P><STRONG><a name="[154]"></a>systemStorageIsBusy</STRONG> (Thumb, 44 bytes, Stack size 8 bytes, system_storage.o(.text))
<BR><BR>[Stack]<UL><LI>Max Depth = 456 + Unknown Stack Size
<LI>Call Chain = systemStorageIsBusy &rArr; vfsIsMounted &rArr; vfsInit &rArr; logWrite &rArr; logVWrite &rArr; logFormatLine &rArr; __2snprintf &rArr; _printf_char_common &rArr; __printf
</UL>
<BR>[Calls]<UL><LI><a href="#[16d]">&gt;&gt;</a>&nbsp;&nbsp;&nbsp;vfsIsMounted
<LI><a href="#[16c]">&gt;&gt;</a>&nbsp;&nbsp;&nbsp;systemStorageIsFlashFormatActive
</UL>
<BR>[Called By]<UL><LI><a href="#[151]">&gt;&gt;</a>&nbsp;&nbsp;&nbsp;systemInitMode
</UL>

<P><STRONG><a name="[155]"></a>systaskCreateWorkerTasks</STRONG> (Thumb, 108 bytes, Stack size 16 bytes, systask.o(.text))
<BR><BR>[Stack]<UL><LI>Max Depth = 416 + Unknown Stack Size
<LI>Call Chain = systaskCreateWorkerTasks &rArr; systaskCreateTask &rArr; systaskAssertRtosStatus &rArr; logWrite &rArr; logVWrite &rArr; logFormatLine &rArr; __2snprintf &rArr; _printf_char_common &rArr; __printf
</UL>
<BR>[Calls]<UL><LI><a href="#[183]">&gt;&gt;</a>&nbsp;&nbsp;&nbsp;systaskCreateTask
</UL>
<BR>[Called By]<UL><LI><a href="#[151]">&gt;&gt;</a>&nbsp;&nbsp;&nbsp;systemInitMode
</UL>

<P><STRONG><a name="[6b]"></a>system_task</STRONG> (Thumb, 24 bytes, Stack size 0 bytes, systask.o(.text))
<BR><BR>[Stack]<UL><LI>Max Depth = 472 + Unknown Stack Size
<LI>Call Chain = system_task &rArr; systemManagerRun &rArr; systemInitMode &rArr; systemStorageIsBusy &rArr; vfsIsMounted &rArr; vfsInit &rArr; logWrite &rArr; logVWrite &rArr; logFormatLine &rArr; __2snprintf &rArr; _printf_char_common &rArr; __printf
</UL>
<BR>[Calls]<UL><LI><a href="#[18b]">&gt;&gt;</a>&nbsp;&nbsp;&nbsp;systaskCreateVfsTask
<LI><a href="#[17e]">&gt;&gt;</a>&nbsp;&nbsp;&nbsp;systaskAssertRtosStatus
<LI><a href="#[143]">&gt;&gt;</a>&nbsp;&nbsp;&nbsp;repRtosDelayMs
<LI><a href="#[15b]">&gt;&gt;</a>&nbsp;&nbsp;&nbsp;systemManagerRun
</UL>
<BR>[Address Reference Count : 1]<UL><LI> main.o(.text)
</UL>
<P><STRONG><a name="[184]"></a>iotManagerEnsureStateInitialized</STRONG> (Thumb, 128 bytes, Stack size 8 bytes, iotmanager.o(.text))
<BR><BR>[Stack]<UL><LI>Max Depth = 72<LI>Call Chain = iotManagerEnsureStateInitialized &rArr; iotManagerRefreshStateLocked &rArr; iotManagerRefreshRouteLocked &rArr; iotManagerPickAutoLink
</UL>
<BR>[Calls]<UL><LI><a href="#[194]">&gt;&gt;</a>&nbsp;&nbsp;&nbsp;iotManagerRefreshStateLocked
<LI><a href="#[190]">&gt;&gt;</a>&nbsp;&nbsp;&nbsp;iotManagerInitLinkRuntime
<LI><a href="#[195]">&gt;&gt;</a>&nbsp;&nbsp;&nbsp;iotManagerInitRoute
<LI><a href="#[162]">&gt;&gt;</a>&nbsp;&nbsp;&nbsp;__aeabi_memclr4
</UL>
<BR>[Called By]<UL><LI><a href="#[1a9]">&gt;&gt;</a>&nbsp;&nbsp;&nbsp;iotManagerGetState
<LI><a href="#[1a8]">&gt;&gt;</a>&nbsp;&nbsp;&nbsp;iotManagerSetInterfaceStatus
<LI><a href="#[1a7]">&gt;&gt;</a>&nbsp;&nbsp;&nbsp;iotManagerSetInterfaceReady
<LI><a href="#[1a6]">&gt;&gt;</a>&nbsp;&nbsp;&nbsp;iotManagerSetTargetInterface
<LI><a href="#[1a5]">&gt;&gt;</a>&nbsp;&nbsp;&nbsp;iotManagerSetActiveInterface
<LI><a href="#[1a4]">&gt;&gt;</a>&nbsp;&nbsp;&nbsp;iotManagerSelectRoute
<LI><a href="#[1a1]">&gt;&gt;</a>&nbsp;&nbsp;&nbsp;iotManagerUpdateLinkState
<LI><a href="#[19c]">&gt;&gt;</a>&nbsp;&nbsp;&nbsp;iotManagerSend
<LI><a href="#[6e]">&gt;&gt;</a>&nbsp;&nbsp;&nbsp;iotManagerTask
</UL>

<P><STRONG><a name="[197]"></a>iotManagerSendByLink</STRONG> (Thumb, 102 bytes, Stack size 16 bytes, iotmanager.o(.text))
<BR><BR>[Stack]<UL><LI>Max Depth = 864 + Unknown Stack Size
<LI>Call Chain = iotManagerSendByLink &rArr; wirelessSendWifiData &rArr; esp32c5SubmitPromptCommandEx &rArr; esp32c5CtrlSubmitPromptCommandEx &rArr; esp32c5SubmitCtrlPrompt &rArr; logWrite &rArr; logVWrite &rArr; logFormatLine &rArr; __2snprintf &rArr; _printf_char_common &rArr; __printf
</UL>
<BR>[Calls]<UL><LI><a href="#[19b]">&gt;&gt;</a>&nbsp;&nbsp;&nbsp;ethernetSendData
<LI><a href="#[19a]">&gt;&gt;</a>&nbsp;&nbsp;&nbsp;cellularSendData
<LI><a href="#[18e]">&gt;&gt;</a>&nbsp;&nbsp;&nbsp;iotManagerIsValidLink
<LI><a href="#[199]">&gt;&gt;</a>&nbsp;&nbsp;&nbsp;wirelessSendWifiData
<LI><a href="#[198]">&gt;&gt;</a>&nbsp;&nbsp;&nbsp;wirelessSendBleData
</UL>
<BR>[Called By]<UL><LI><a href="#[1a0]">&gt;&gt;</a>&nbsp;&nbsp;&nbsp;iotManagerSendByInterface
<LI><a href="#[19c]">&gt;&gt;</a>&nbsp;&nbsp;&nbsp;iotManagerSend
<LI><a href="#[1d8]">&gt;&gt;</a>&nbsp;&nbsp;&nbsp;iotManagerDebugHandlePub
<LI><a href="#[1c7]">&gt;&gt;</a>&nbsp;&nbsp;&nbsp;protcolMgrBuildAndSendReply
</UL>

<P><STRONG><a name="[19c]"></a>iotManagerSend</STRONG> (Thumb, 68 bytes, Stack size 24 bytes, iotmanager.o(.text), UNUSED)
<BR><BR>[Calls]<UL><LI><a href="#[19f]">&gt;&gt;</a>&nbsp;&nbsp;&nbsp;repRtosExitCritical
<LI><a href="#[19d]">&gt;&gt;</a>&nbsp;&nbsp;&nbsp;repRtosEnterCritical
<LI><a href="#[197]">&gt;&gt;</a>&nbsp;&nbsp;&nbsp;iotManagerSendByLink
<LI><a href="#[194]">&gt;&gt;</a>&nbsp;&nbsp;&nbsp;iotManagerRefreshStateLocked
<LI><a href="#[19e]">&gt;&gt;</a>&nbsp;&nbsp;&nbsp;iotManagerGetRouteByServiceId
<LI><a href="#[184]">&gt;&gt;</a>&nbsp;&nbsp;&nbsp;iotManagerEnsureStateInitialized
</UL>

<P><STRONG><a name="[1a0]"></a>iotManagerSendByInterface</STRONG> (Thumb, 30 bytes, Stack size 24 bytes, iotmanager.o(.text), UNUSED)
<BR><BR>[Calls]<UL><LI><a href="#[197]">&gt;&gt;</a>&nbsp;&nbsp;&nbsp;iotManagerSendByLink
<LI><a href="#[18d]">&gt;&gt;</a>&nbsp;&nbsp;&nbsp;iotManagerInterfaceToLink
</UL>

<P><STRONG><a name="[1a1]"></a>iotManagerUpdateLinkState</STRONG> (Thumb, 78 bytes, Stack size 16 bytes, iotmanager.o(.text))
<BR><BR>[Stack]<UL><LI>Max Depth = 88<LI>Call Chain = iotManagerUpdateLinkState &rArr; iotManagerEnsureStateInitialized &rArr; iotManagerRefreshStateLocked &rArr; iotManagerRefreshRouteLocked &rArr; iotManagerPickAutoLink
</UL>
<BR>[Calls]<UL><LI><a href="#[19f]">&gt;&gt;</a>&nbsp;&nbsp;&nbsp;repRtosExitCritical
<LI><a href="#[19d]">&gt;&gt;</a>&nbsp;&nbsp;&nbsp;repRtosEnterCritical
<LI><a href="#[194]">&gt;&gt;</a>&nbsp;&nbsp;&nbsp;iotManagerRefreshStateLocked
<LI><a href="#[1a3]">&gt;&gt;</a>&nbsp;&nbsp;&nbsp;iotManagerLinkCapsIsEmpty
<LI><a href="#[18e]">&gt;&gt;</a>&nbsp;&nbsp;&nbsp;iotManagerIsValidLink
<LI><a href="#[184]">&gt;&gt;</a>&nbsp;&nbsp;&nbsp;iotManagerEnsureStateInitialized
<LI><a href="#[1a2]">&gt;&gt;</a>&nbsp;&nbsp;&nbsp;__aeabi_memcpy4
</UL>
<BR>[Called By]<UL><LI><a href="#[21f]">&gt;&gt;</a>&nbsp;&nbsp;&nbsp;wirelessUpdateIotState
</UL>

<P><STRONG><a name="[1a4]"></a>iotManagerSelectRoute</STRONG> (Thumb, 74 bytes, Stack size 16 bytes, iotmanager.o(.text))
<BR><BR>[Stack]<UL><LI>Max Depth = 88<LI>Call Chain = iotManagerSelectRoute &rArr; iotManagerEnsureStateInitialized &rArr; iotManagerRefreshStateLocked &rArr; iotManagerRefreshRouteLocked &rArr; iotManagerPickAutoLink
</UL>
<BR>[Calls]<UL><LI><a href="#[19f]">&gt;&gt;</a>&nbsp;&nbsp;&nbsp;repRtosExitCritical
<LI><a href="#[19d]">&gt;&gt;</a>&nbsp;&nbsp;&nbsp;repRtosEnterCritical
<LI><a href="#[194]">&gt;&gt;</a>&nbsp;&nbsp;&nbsp;iotManagerRefreshStateLocked
<LI><a href="#[18f]">&gt;&gt;</a>&nbsp;&nbsp;&nbsp;iotManagerLinkSupportsService
<LI><a href="#[19e]">&gt;&gt;</a>&nbsp;&nbsp;&nbsp;iotManagerGetRouteByServiceId
<LI><a href="#[18e]">&gt;&gt;</a>&nbsp;&nbsp;&nbsp;iotManagerIsValidLink
<LI><a href="#[184]">&gt;&gt;</a>&nbsp;&nbsp;&nbsp;iotManagerEnsureStateInitialized
</UL>
<BR>[Called By]<UL><LI><a href="#[1cd]">&gt;&gt;</a>&nbsp;&nbsp;&nbsp;iotManagerDebugSelectRoute
</UL>

<P><STRONG><a name="[1a5]"></a>iotManagerSetActiveInterface</STRONG> (Thumb, 58 bytes, Stack size 16 bytes, iotmanager.o(.text), UNUSED)
<BR><BR>[Calls]<UL><LI><a href="#[19f]">&gt;&gt;</a>&nbsp;&nbsp;&nbsp;repRtosExitCritical
<LI><a href="#[19d]">&gt;&gt;</a>&nbsp;&nbsp;&nbsp;repRtosEnterCritical
<LI><a href="#[196]">&gt;&gt;</a>&nbsp;&nbsp;&nbsp;iotManagerApplyCompatibilitySelectionLocked
<LI><a href="#[18c]">&gt;&gt;</a>&nbsp;&nbsp;&nbsp;iotManagerIsValidInterface
<LI><a href="#[18d]">&gt;&gt;</a>&nbsp;&nbsp;&nbsp;iotManagerInterfaceToLink
<LI><a href="#[184]">&gt;&gt;</a>&nbsp;&nbsp;&nbsp;iotManagerEnsureStateInitialized
</UL>

<P><STRONG><a name="[1a6]"></a>iotManagerSetTargetInterface</STRONG> (Thumb, 58 bytes, Stack size 16 bytes, iotmanager.o(.text), UNUSED)
<BR><BR>[Calls]<UL><LI><a href="#[19f]">&gt;&gt;</a>&nbsp;&nbsp;&nbsp;repRtosExitCritical
<LI><a href="#[19d]">&gt;&gt;</a>&nbsp;&nbsp;&nbsp;repRtosEnterCritical
<LI><a href="#[196]">&gt;&gt;</a>&nbsp;&nbsp;&nbsp;iotManagerApplyCompatibilitySelectionLocked
<LI><a href="#[18c]">&gt;&gt;</a>&nbsp;&nbsp;&nbsp;iotManagerIsValidInterface
<LI><a href="#[18d]">&gt;&gt;</a>&nbsp;&nbsp;&nbsp;iotManagerInterfaceToLink
<LI><a href="#[184]">&gt;&gt;</a>&nbsp;&nbsp;&nbsp;iotManagerEnsureStateInitialized
</UL>

<P><STRONG><a name="[1a7]"></a>iotManagerSetInterfaceReady</STRONG> (Thumb, 160 bytes, Stack size 24 bytes, iotmanager.o(.text), UNUSED)
<BR><BR>[Calls]<UL><LI><a href="#[19f]">&gt;&gt;</a>&nbsp;&nbsp;&nbsp;repRtosExitCritical
<LI><a href="#[19d]">&gt;&gt;</a>&nbsp;&nbsp;&nbsp;repRtosEnterCritical
<LI><a href="#[194]">&gt;&gt;</a>&nbsp;&nbsp;&nbsp;iotManagerRefreshStateLocked
<LI><a href="#[18c]">&gt;&gt;</a>&nbsp;&nbsp;&nbsp;iotManagerIsValidInterface
<LI><a href="#[18d]">&gt;&gt;</a>&nbsp;&nbsp;&nbsp;iotManagerInterfaceToLink
<LI><a href="#[184]">&gt;&gt;</a>&nbsp;&nbsp;&nbsp;iotManagerEnsureStateInitialized
<LI><a href="#[159]">&gt;&gt;</a>&nbsp;&nbsp;&nbsp;repRtosGetTickMs
</UL>

<P><STRONG><a name="[1a8]"></a>iotManagerSetInterfaceStatus</STRONG> (Thumb, 344 bytes, Stack size 24 bytes, iotmanager.o(.text), UNUSED)
<BR><BR>[Calls]<UL><LI><a href="#[19f]">&gt;&gt;</a>&nbsp;&nbsp;&nbsp;repRtosExitCritical
<LI><a href="#[19d]">&gt;&gt;</a>&nbsp;&nbsp;&nbsp;repRtosEnterCritical
<LI><a href="#[194]">&gt;&gt;</a>&nbsp;&nbsp;&nbsp;iotManagerRefreshStateLocked
<LI><a href="#[18c]">&gt;&gt;</a>&nbsp;&nbsp;&nbsp;iotManagerIsValidInterface
<LI><a href="#[18d]">&gt;&gt;</a>&nbsp;&nbsp;&nbsp;iotManagerInterfaceToLink
<LI><a href="#[184]">&gt;&gt;</a>&nbsp;&nbsp;&nbsp;iotManagerEnsureStateInitialized
<LI><a href="#[159]">&gt;&gt;</a>&nbsp;&nbsp;&nbsp;repRtosGetTickMs
</UL>

<P><STRONG><a name="[1a9]"></a>iotManagerGetState</STRONG> (Thumb, 10 bytes, Stack size 8 bytes, iotmanager.o(.text))
<BR><BR>[Stack]<UL><LI>Max Depth = 80<LI>Call Chain = iotManagerGetState &rArr; iotManagerEnsureStateInitialized &rArr; iotManagerRefreshStateLocked &rArr; iotManagerRefreshRouteLocked &rArr; iotManagerPickAutoLink
</UL>
<BR>[Calls]<UL><LI><a href="#[184]">&gt;&gt;</a>&nbsp;&nbsp;&nbsp;iotManagerEnsureStateInitialized
</UL>
<BR>[Called By]<UL><LI><a href="#[1ce]">&gt;&gt;</a>&nbsp;&nbsp;&nbsp;iotManagerDebugGetStateSnapshot
</UL>

<P><STRONG><a name="[186]"></a>iotManagerProcess</STRONG> (Thumb, 8 bytes, Stack size 8 bytes, iotmanager.o(.text))
<BR><BR>[Stack]<UL><LI>Max Depth = 1712 + Unknown Stack Size
<LI>Call Chain = iotManagerProcess &rArr; protcolMgrProcess &rArr; protcolMgrConsumeReceivedData &rArr; protcolMgrHandleFrame &rArr; protcolMgrSetReplyFlag &rArr; protcolMgrQueueReply &rArr; logWrite &rArr; logVWrite &rArr; logFormatLine &rArr; __2snprintf &rArr; _printf_char_common &rArr; __printf
</UL>
<BR>[Calls]<UL><LI><a href="#[1aa]">&gt;&gt;</a>&nbsp;&nbsp;&nbsp;protcolMgrProcess
</UL>
<BR>[Called By]<UL><LI><a href="#[6e]">&gt;&gt;</a>&nbsp;&nbsp;&nbsp;iotManagerTask
</UL>

<P><STRONG><a name="[185]"></a>protcolMgrTryInitCipherKey</STRONG> (Thumb, 76 bytes, Stack size 48 bytes, protcolmgr.o(.text))
<BR><BR>[Stack]<UL><LI>Max Depth = 424<LI>Call Chain = protcolMgrTryInitCipherKey &rArr; md5CalcData &rArr; md5Final &rArr; md5Update &rArr; md5Step
</UL>
<BR>[Calls]<UL><LI><a href="#[1b2]">&gt;&gt;</a>&nbsp;&nbsp;&nbsp;wirelessGetMacAddress
<LI><a href="#[1b4]">&gt;&gt;</a>&nbsp;&nbsp;&nbsp;md5CalcData
<LI><a href="#[1b3]">&gt;&gt;</a>&nbsp;&nbsp;&nbsp;protcolMgrParseMacString
<LI><a href="#[1b1]">&gt;&gt;</a>&nbsp;&nbsp;&nbsp;protcolMgrEnsureInitialized
</UL>
<BR>[Called By]<UL><LI><a href="#[6e]">&gt;&gt;</a>&nbsp;&nbsp;&nbsp;iotManagerTask
</UL>

<P><STRONG><a name="[1c6]"></a>protcolMgrPushReceivedData</STRONG> (Thumb, 146 bytes, Stack size 32 bytes, protcolmgr.o(.text))
<BR><BR>[Stack]<UL><LI>Max Depth = 328 + Unknown Stack Size
<LI>Call Chain = protcolMgrPushReceivedData &rArr; logWrite &rArr; logVWrite &rArr; logFormatLine &rArr; __2snprintf &rArr; _printf_char_common &rArr; __printf
</UL>
<BR>[Calls]<UL><LI><a href="#[19f]">&gt;&gt;</a>&nbsp;&nbsp;&nbsp;repRtosExitCritical
<LI><a href="#[19d]">&gt;&gt;</a>&nbsp;&nbsp;&nbsp;repRtosEnterCritical
<LI><a href="#[147]">&gt;&gt;</a>&nbsp;&nbsp;&nbsp;logWrite
<LI><a href="#[1b1]">&gt;&gt;</a>&nbsp;&nbsp;&nbsp;protcolMgrEnsureInitialized
<LI><a href="#[1c5]">&gt;&gt;</a>&nbsp;&nbsp;&nbsp;__aeabi_memcpy
</UL>
<BR>[Called By]<UL><LI><a href="#[215]">&gt;&gt;</a>&nbsp;&nbsp;&nbsp;wirelessHandleMqttUrc
<LI><a href="#[20b]">&gt;&gt;</a>&nbsp;&nbsp;&nbsp;wirelessForwardProtocolFrame
</UL>

<P><STRONG><a name="[1aa]"></a>protcolMgrProcess</STRONG> (Thumb, 26 bytes, Stack size 8 bytes, protcolmgr.o(.text))
<BR><BR>[Stack]<UL><LI>Max Depth = 1704 + Unknown Stack Size
<LI>Call Chain = protcolMgrProcess &rArr; protcolMgrConsumeReceivedData &rArr; protcolMgrHandleFrame &rArr; protcolMgrSetReplyFlag &rArr; protcolMgrQueueReply &rArr; logWrite &rArr; logVWrite &rArr; logFormatLine &rArr; __2snprintf &rArr; _printf_char_common &rArr; __printf
</UL>
<BR>[Calls]<UL><LI><a href="#[1cc]">&gt;&gt;</a>&nbsp;&nbsp;&nbsp;protcolMgrConsumeReceivedData
<LI><a href="#[1cb]">&gt;&gt;</a>&nbsp;&nbsp;&nbsp;protcolMgrFlushPendingReplies
<LI><a href="#[1b9]">&gt;&gt;</a>&nbsp;&nbsp;&nbsp;protcolMgrIsTxQueueFull
</UL>
<BR>[Called By]<UL><LI><a href="#[186]">&gt;&gt;</a>&nbsp;&nbsp;&nbsp;iotManagerProcess
</UL>

<P><STRONG><a name="[1cd]"></a>iotManagerDebugSelectRoute</STRONG> (Thumb, 16 bytes, Stack size 16 bytes, iotmanager_debug.o(.text))
<BR><BR>[Stack]<UL><LI>Max Depth = 104<LI>Call Chain = iotManagerDebugSelectRoute &rArr; iotManagerSelectRoute &rArr; iotManagerEnsureStateInitialized &rArr; iotManagerRefreshStateLocked &rArr; iotManagerRefreshRouteLocked &rArr; iotManagerPickAutoLink
</UL>
<BR>[Calls]<UL><LI><a href="#[1a4]">&gt;&gt;</a>&nbsp;&nbsp;&nbsp;iotManagerSelectRoute
</UL>
<BR>[Called By]<UL><LI><a href="#[a8]">&gt;&gt;</a>&nbsp;&nbsp;&nbsp;iotManagerDebugConsoleHandler
</UL>

<P><STRONG><a name="[1ce]"></a>iotManagerDebugGetStateSnapshot</STRONG> (Thumb, 36 bytes, Stack size 16 bytes, iotmanager_debug.o(.text))
<BR><BR>[Stack]<UL><LI>Max Depth = 96<LI>Call Chain = iotManagerDebugGetStateSnapshot &rArr; iotManagerGetState &rArr; iotManagerEnsureStateInitialized &rArr; iotManagerRefreshStateLocked &rArr; iotManagerRefreshRouteLocked &rArr; iotManagerPickAutoLink
</UL>
<BR>[Calls]<UL><LI><a href="#[1a9]">&gt;&gt;</a>&nbsp;&nbsp;&nbsp;iotManagerGetState
<LI><a href="#[1a2]">&gt;&gt;</a>&nbsp;&nbsp;&nbsp;__aeabi_memcpy4
</UL>
<BR>[Called By]<UL><LI><a href="#[1d3]">&gt;&gt;</a>&nbsp;&nbsp;&nbsp;iotManagerDebugReplyStatus
</UL>

<P><STRONG><a name="[1d5]"></a>iotManagerDebugGetLinkName</STRONG> (Thumb, 40 bytes, Stack size 0 bytes, iotmanager_debug.o(.text))
<BR><BR>[Called By]<UL><LI><a href="#[a8]">&gt;&gt;</a>&nbsp;&nbsp;&nbsp;iotManagerDebugConsoleHandler
<LI><a href="#[1d3]">&gt;&gt;</a>&nbsp;&nbsp;&nbsp;iotManagerDebugReplyStatus
</UL>

<P><STRONG><a name="[1d7]"></a>iotManagerDebugGetServiceName</STRONG> (Thumb, 40 bytes, Stack size 0 bytes, iotmanager_debug.o(.text))
<BR><BR>[Called By]<UL><LI><a href="#[a8]">&gt;&gt;</a>&nbsp;&nbsp;&nbsp;iotManagerDebugConsoleHandler
<LI><a href="#[1d3]">&gt;&gt;</a>&nbsp;&nbsp;&nbsp;iotManagerDebugReplyStatus
</UL>

<P><STRONG><a name="[1d4]"></a>iotManagerDebugGetLinkStateName</STRONG> (Thumb, 64 bytes, Stack size 0 bytes, iotmanager_debug.o(.text))
<BR><BR>[Called By]<UL><LI><a href="#[1d3]">&gt;&gt;</a>&nbsp;&nbsp;&nbsp;iotManagerDebugReplyStatus
</UL>

<P><STRONG><a name="[1d6]"></a>iotManagerDebugGetServiceStateName</STRONG> (Thumb, 44 bytes, Stack size 0 bytes, iotmanager_debug.o(.text))
<BR><BR>[Called By]<UL><LI><a href="#[1d3]">&gt;&gt;</a>&nbsp;&nbsp;&nbsp;iotManagerDebugReplyStatus
</UL>

<P><STRONG><a name="[14d]"></a>iotManagerDebugConsoleRegister</STRONG> (Thumb, 10 bytes, Stack size 8 bytes, iotmanager_debug.o(.text))
<BR><BR>[Stack]<UL><LI>Max Depth = 128<LI>Call Chain = iotManagerDebugConsoleRegister &rArr; logRegisterConsole &rArr; consoleCoreRegisterCommand &rArr; consoleRegisterCommand &rArr; consoleCoreInit &rArr; logGetInputBuffer &rArr; logGetInterfaceByTransport &rArr; logGetInterfaceIndexByTransport &rArr; logGetInterfaceCount &rArr; logGetAvailableInterfaceCount
</UL>
<BR>[Calls]<UL><LI><a href="#[14c]">&gt;&gt;</a>&nbsp;&nbsp;&nbsp;logRegisterConsole
</UL>
<BR>[Called By]<UL><LI><a href="#[14a]">&gt;&gt;</a>&nbsp;&nbsp;&nbsp;systemConsoleServiceInit
</UL>

<P><STRONG><a name="[1dc]"></a>cprsensorProtocolAlignLength</STRONG> (Thumb, 38 bytes, Stack size 8 bytes, cprsensor_protocol.o(.text))
<BR><BR>[Stack]<UL><LI>Max Depth = 8<LI>Call Chain = cprsensorProtocolAlignLength
</UL>
<BR>[Called By]<UL><LI><a href="#[1db]">&gt;&gt;</a>&nbsp;&nbsp;&nbsp;cprsensorProtocolGetEncodedPayloadLen
</UL>

<P><STRONG><a name="[1e1]"></a>cprsensorProtocolReadU16Be</STRONG> (Thumb, 18 bytes, Stack size 0 bytes, cprsensor_protocol.o(.text))
<BR><BR>[Called By]<UL><LI><a href="#[1e0]">&gt;&gt;</a>&nbsp;&nbsp;&nbsp;cprsensorProtocolTryGetFrameLength
<LI><a href="#[1bf]">&gt;&gt;</a>&nbsp;&nbsp;&nbsp;cprsensorProtocolParseFrame
</UL>

<P><STRONG><a name="[6da]"></a>cprsensorProtocolReadU16Le</STRONG> (Thumb, 18 bytes, Stack size 0 bytes, cprsensor_protocol.o(.text), UNUSED)

<P><STRONG><a name="[6db]"></a>cprsensorProtocolReadU32Be</STRONG> (Thumb, 30 bytes, Stack size 0 bytes, cprsensor_protocol.o(.text), UNUSED)

<P><STRONG><a name="[6dc]"></a>cprsensorProtocolReadU32Le</STRONG> (Thumb, 30 bytes, Stack size 0 bytes, cprsensor_protocol.o(.text), UNUSED)

<P><STRONG><a name="[1ca]"></a>cprsensorProtocolWriteU16Be</STRONG> (Thumb, 14 bytes, Stack size 0 bytes, cprsensor_protocol.o(.text))
<BR><BR>[Called By]<UL><LI><a href="#[1c8]">&gt;&gt;</a>&nbsp;&nbsp;&nbsp;cprsensorProtocolPackFrame
<LI><a href="#[a3]">&gt;&gt;</a>&nbsp;&nbsp;&nbsp;protcolMgrFlushBatteryReply
</UL>

[...]
</UL>

<P><STRONG><a name="[563]"></a>sdcardRefreshStatusInt</STRONG> (Thumb, 116 bytes, Stack size 32 bytes, sdcard.o(.text))
<BR><BR>[Stack]<UL><LI>Max Depth = 48<LI>Call Chain = sdcardRefreshStatusInt &rArr; sdcardGetIf &rArr; sdcardIsValidDev
</UL>
<BR>[Calls]<UL><LI><a href="#[55f]">&gt;&gt;</a>&nbsp;&nbsp;&nbsp;sdcardGetIf
<LI><a href="#[55e]">&gt;&gt;</a>&nbsp;&nbsp;&nbsp;sdcardIsValidDev
</UL>
<BR>[Called By]<UL><LI><a href="#[166]">&gt;&gt;</a>&nbsp;&nbsp;&nbsp;sdcardGetStatus
<LI><a href="#[2ba]">&gt;&gt;</a>&nbsp;&nbsp;&nbsp;sdcardInit
</UL>

<P><STRONG><a name="[564]"></a>sdcardIsReadyXfer</STRONG> (Thumb, 32 bytes, Stack size 8 bytes, sdcard.o(.text))
<BR><BR>[Stack]<UL><LI>Max Depth = 16<LI>Call Chain = sdcardIsReadyXfer &rArr; sdcardIsValidDev
</UL>
<BR>[Calls]<UL><LI><a href="#[55e]">&gt;&gt;</a>&nbsp;&nbsp;&nbsp;sdcardIsValidDev
</UL>
<BR>[Called By]<UL><LI><a href="#[167]">&gt;&gt;</a>&nbsp;&nbsp;&nbsp;sdcardIsReady
<LI><a href="#[2bf]">&gt;&gt;</a>&nbsp;&nbsp;&nbsp;sdcardWriteBlocks
<LI><a href="#[2c2]">&gt;&gt;</a>&nbsp;&nbsp;&nbsp;sdcardSync
<LI><a href="#[2bd]">&gt;&gt;</a>&nbsp;&nbsp;&nbsp;sdcardReadBlocks
<LI><a href="#[2c1]">&gt;&gt;</a>&nbsp;&nbsp;&nbsp;sdcardGetInfo
<LI><a href="#[566]">&gt;&gt;</a>&nbsp;&nbsp;&nbsp;sdcardTrim
</UL>

<P><STRONG><a name="[565]"></a>sdcardIsRangeValid</STRONG> (Thumb, 42 bytes, Stack size 16 bytes, sdcard.o(.text))
<BR><BR>[Stack]<UL><LI>Max Depth = 16<LI>Call Chain = sdcardIsRangeValid
</UL>
<BR>[Called By]<UL><LI><a href="#[2bf]">&gt;&gt;</a>&nbsp;&nbsp;&nbsp;sdcardWriteBlocks
<LI><a href="#[2bd]">&gt;&gt;</a>&nbsp;&nbsp;&nbsp;sdcardReadBlocks
<LI><a href="#[566]">&gt;&gt;</a>&nbsp;&nbsp;&nbsp;sdcardTrim
</UL>

<P><STRONG><a name="[57e]"></a>bspSdioIsValidBus</STRONG> (Thumb, 12 bytes, Stack size 0 bytes, bsp_sdio.o(.text))
<BR><BR>[Called By]<UL><LI><a href="#[57d]">&gt;&gt;</a>&nbsp;&nbsp;&nbsp;bspSdioProbeCardPresent
<LI><a href="#[f6]">&gt;&gt;</a>&nbsp;&nbsp;&nbsp;bspSdioWriteBlocks
<LI><a href="#[f5]">&gt;&gt;</a>&nbsp;&nbsp;&nbsp;bspSdioReadBlocks
<LI><a href="#[f7]">&gt;&gt;</a>&nbsp;&nbsp;&nbsp;bspSdioIoctl
<LI><a href="#[f3]">&gt;&gt;</a>&nbsp;&nbsp;&nbsp;bspSdioInit
<LI><a href="#[f4]">&gt;&gt;</a>&nbsp;&nbsp;&nbsp;bspSdioGetStatus
</UL>

<P><STRONG><a name="[573]"></a>bspSdioGetLoopCount</STRONG> (Thumb, 24 bytes, Stack size 0 bytes, bsp_sdio.o(.text))
<BR><BR>[Called By]<UL><LI><a href="#[58c]">&gt;&gt;</a>&nbsp;&nbsp;&nbsp;bspSdioWriteSingleBlock
<LI><a href="#[58b]">&gt;&gt;</a>&nbsp;&nbsp;&nbsp;bspSdioWaitCardState
<LI><a href="#[586]">&gt;&gt;</a>&nbsp;&nbsp;&nbsp;bspSdioReadSingleBlock
<LI><a href="#[57b]">&gt;&gt;</a>&nbsp;&nbsp;&nbsp;bspSdioCardPowerOn
<LI><a href="#[572]">&gt;&gt;</a>&nbsp;&nbsp;&nbsp;bspSdioWaitFlags
</UL>

<P><STRONG><a name="[567]"></a>bspSdioSetClock</STRONG> (Thumb, 40 bytes, Stack size 40 bytes, bsp_sdio.o(.text))
<BR><BR>[Stack]<UL><LI>Max Depth = 40<LI>Call Chain = bspSdioSetClock
</UL>
<BR>[Calls]<UL><LI><a href="#[568]">&gt;&gt;</a>&nbsp;&nbsp;&nbsp;SDIO_StructInit
<LI><a href="#[569]">&gt;&gt;</a>&nbsp;&nbsp;&nbsp;SDIO_Init
</UL>
<BR>[Called By]<UL><LI><a href="#[583]">&gt;&gt;</a>&nbsp;&nbsp;&nbsp;bspSdioSetWideBus
<LI><a href="#[56a]">&gt;&gt;</a>&nbsp;&nbsp;&nbsp;bspSdioHwInit
</UL>

<P><STRONG><a name="[56a]"></a>bspSdioHwInit</STRONG> (Thumb, 210 bytes, Stack size 16 bytes, bsp_sdio.o(.text))
<BR><BR>[Stack]<UL><LI>Max Depth = 56<LI>Call Chain = bspSdioHwInit &rArr; bspSdioSetClock
</UL>
<BR>[Calls]<UL><LI><a href="#[281]">&gt;&gt;</a>&nbsp;&nbsp;&nbsp;GPIO_PinAFConfig
<LI><a href="#[264]">&gt;&gt;</a>&nbsp;&nbsp;&nbsp;RCC_AHB1PeriphClockCmd
<LI><a href="#[265]">&gt;&gt;</a>&nbsp;&nbsp;&nbsp;GPIO_StructInit
<LI><a href="#[266]">&gt;&gt;</a>&nbsp;&nbsp;&nbsp;GPIO_Init
<LI><a href="#[56d]">&gt;&gt;</a>&nbsp;&nbsp;&nbsp;SDIO_SetPowerState
<LI><a href="#[56c]">&gt;&gt;</a>&nbsp;&nbsp;&nbsp;SDIO_DeInit
<LI><a href="#[56e]">&gt;&gt;</a>&nbsp;&nbsp;&nbsp;SDIO_ClockCmd
<LI><a href="#[56b]">&gt;&gt;</a>&nbsp;&nbsp;&nbsp;RCC_APB2PeriphClockCmd
<LI><a href="#[567]">&gt;&gt;</a>&nbsp;&nbsp;&nbsp;bspSdioSetClock
</UL>
<BR>[Called By]<UL><LI><a href="#[57d]">&gt;&gt;</a>&nbsp;&nbsp;&nbsp;bspSdioProbeCardPresent
<LI><a href="#[f3]">&gt;&gt;</a>&nbsp;&nbsp;&nbsp;bspSdioInit
</UL>

<P><STRONG><a name="[56f]"></a>bspSdioIsCardPresent</STRONG> (Thumb, 22 bytes, Stack size 8 bytes, bsp_sdio.o(.text))
<BR><BR>[Stack]<UL><LI>Max Depth = 8<LI>Call Chain = bspSdioIsCardPresent
</UL>
<BR>[Calls]<UL><LI><a href="#[269]">&gt;&gt;</a>&nbsp;&nbsp;&nbsp;GPIO_ReadInputDataBit
</UL>
<BR>[Called By]<UL><LI><a href="#[f3]">&gt;&gt;</a>&nbsp;&nbsp;&nbsp;bspSdioInit
<LI><a href="#[f4]">&gt;&gt;</a>&nbsp;&nbsp;&nbsp;bspSdioGetStatus
</UL>

<P><STRONG><a name="[57c]"></a>bspSdioShouldLogProbeFailure</STRONG> (Thumb, 48 bytes, Stack size 0 bytes, bsp_sdio.o(.text))
<BR><BR>[Called By]<UL><LI><a href="#[57b]">&gt;&gt;</a>&nbsp;&nbsp;&nbsp;bspSdioCardPowerOn
</UL>

<P><STRONG><a name="[570]"></a>bspSdioClearStaticFlags</STRONG> (Thumb, 12 bytes, Stack size 8 bytes, bsp_sdio.o(.text))
<BR><BR>[Stack]<UL><LI>Max Depth = 8<LI>Call Chain = bspSdioClearStaticFlags
</UL>
<BR>[Calls]<UL><LI><a href="#[571]">&gt;&gt;</a>&nbsp;&nbsp;&nbsp;SDIO_ClearFlag
</UL>
<BR>[Called By]<UL><LI><a href="#[58c]">&gt;&gt;</a>&nbsp;&nbsp;&nbsp;bspSdioWriteSingleBlock
<LI><a href="#[586]">&gt;&gt;</a>&nbsp;&nbsp;&nbsp;bspSdioReadSingleBlock
<LI><a href="#[574]">&gt;&gt;</a>&nbsp;&nbsp;&nbsp;bspSdioSendCommand
</UL>

<P><STRONG><a name="[572]"></a>bspSdioWaitFlags</STRONG> (Thumb, 98 bytes, Stack size 32 bytes, bsp_sdio.o(.text))
<BR><BR>[Stack]<UL><LI>Max Depth = 32<LI>Call Chain = bspSdioWaitFlags
</UL>
<BR>[Calls]<UL><LI><a href="#[573]">&gt;&gt;</a>&nbsp;&nbsp;&nbsp;bspSdioGetLoopCount
</UL>
<BR>[Called By]<UL><LI><a href="#[58c]">&gt;&gt;</a>&nbsp;&nbsp;&nbsp;bspSdioWriteSingleBlock
<LI><a href="#[586]">&gt;&gt;</a>&nbsp;&nbsp;&nbsp;bspSdioReadSingleBlock
<LI><a href="#[574]">&gt;&gt;</a>&nbsp;&nbsp;&nbsp;bspSdioSendCommand
</UL>

<P><STRONG><a name="[574]"></a>bspSdioSendCommand</STRONG> (Thumb, 210 bytes, Stack size 64 bytes, bsp_sdio.o(.text))
<BR><BR>[Stack]<UL><LI>Max Depth = 96<LI>Call Chain = bspSdioSendCommand &rArr; bspSdioWaitFlags
</UL>
<BR>[Calls]<UL><LI><a href="#[576]">&gt;&gt;</a>&nbsp;&nbsp;&nbsp;SDIO_SendCommand
<LI><a href="#[578]">&gt;&gt;</a>&nbsp;&nbsp;&nbsp;SDIO_GetResponse
<LI><a href="#[577]">&gt;&gt;</a>&nbsp;&nbsp;&nbsp;SDIO_GetCommandResponse
<LI><a href="#[575]">&gt;&gt;</a>&nbsp;&nbsp;&nbsp;SDIO_CmdStructInit
<LI><a href="#[572]">&gt;&gt;</a>&nbsp;&nbsp;&nbsp;bspSdioWaitFlags
<LI><a href="#[570]">&gt;&gt;</a>&nbsp;&nbsp;&nbsp;bspSdioClearStaticFlags
</UL>
<BR>[Called By]<UL><LI><a href="#[58c]">&gt;&gt;</a>&nbsp;&nbsp;&nbsp;bspSdioWriteSingleBlock
<LI><a href="#[58b]">&gt;&gt;</a>&nbsp;&nbsp;&nbsp;bspSdioWaitCardState
<LI><a href="#[586]">&gt;&gt;</a>&nbsp;&nbsp;&nbsp;bspSdioReadSingleBlock
<LI><a href="#[582]">&gt;&gt;</a>&nbsp;&nbsp;&nbsp;bspSdioSetBlockLength
<LI><a href="#[581]">&gt;&gt;</a>&nbsp;&nbsp;&nbsp;bspSdioSelectCard
<LI><a href="#[580]">&gt;&gt;</a>&nbsp;&nbsp;&nbsp;bspSdioCardReadCidCsd
<LI><a href="#[57f]">&gt;&gt;</a>&nbsp;&nbsp;&nbsp;bspSdioCheckCardResponsive
<LI><a href="#[57b]">&gt;&gt;</a>&nbsp;&nbsp;&nbsp;bspSdioCardPowerOn
<LI><a href="#[579]">&gt;&gt;</a>&nbsp;&nbsp;&nbsp;bspSdioSendAppCommand
</UL>

<P><STRONG><a name="[57a]"></a>bspSdioRespHasError</STRONG> (Thumb, 16 bytes, Stack size 0 bytes, bsp_sdio.o(.text))
<BR><BR>[Called By]<UL><LI><a href="#[58c]">&gt;&gt;</a>&nbsp;&nbsp;&nbsp;bspSdioWriteSingleBlock
<LI><a href="#[58b]">&gt;&gt;</a>&nbsp;&nbsp;&nbsp;bspSdioWaitCardState
<LI><a href="#[586]">&gt;&gt;</a>&nbsp;&nbsp;&nbsp;bspSdioReadSingleBlock
<LI><a href="#[583]">&gt;&gt;</a>&nbsp;&nbsp;&nbsp;bspSdioSetWideBus
<LI><a href="#[582]">&gt;&gt;</a>&nbsp;&nbsp;&nbsp;bspSdioSetBlockLength
<LI><a href="#[581]">&gt;&gt;</a>&nbsp;&nbsp;&nbsp;bspSdioSelectCard
<LI><a href="#[57f]">&gt;&gt;</a>&nbsp;&nbsp;&nbsp;bspSdioCheckCardResponsive
<LI><a href="#[579]">&gt;&gt;</a>&nbsp;&nbsp;&nbsp;bspSdioSendAppCommand
</UL>

<P><STRONG><a name="[579]"></a>bspSdioSendAppCommand</STRONG> (Thumb, 92 bytes, Stack size 56 bytes, bsp_sdio.o(.text))
<BR><BR>[Stack]<UL><LI>Max Depth = 152<LI>Call Chain = bspSdioSendAppCommand &rArr; bspSdioSendCommand &rArr; bspSdioWaitFlags
</UL>
<BR>[Calls]<UL><LI><a href="#[57a]">&gt;&gt;</a>&nbsp;&nbsp;&nbsp;bspSdioRespHasError
<LI><a href="#[574]">&gt;&gt;</a>&nbsp;&nbsp;&nbsp;bspSdioSendCommand
</UL>
<BR>[Called By]<UL><LI><a href="#[583]">&gt;&gt;</a>&nbsp;&nbsp;&nbsp;bspSdioSetWideBus
<LI><a href="#[57b]">&gt;&gt;</a>&nbsp;&nbsp;&nbsp;bspSdioCardPowerOn
</UL>

<P><STRONG><a name="[57b]"></a>bspSdioCardPowerOn</STRONG> (Thumb, 262 bytes, Stack size 48 bytes, bsp_sdio.o(.text))
<BR><BR>[Stack]<UL><LI>Max Depth = 344 + Unknown Stack Size
<LI>Call Chain = bspSdioCardPowerOn &rArr; logWrite &rArr; logVWrite &rArr; logFormatLine &rArr; __2snprintf &rArr; _printf_char_common &rArr; __printf
</UL>
<BR>[Calls]<UL><LI><a href="#[147]">&gt;&gt;</a>&nbsp;&nbsp;&nbsp;logWrite
<LI><a href="#[2ad]">&gt;&gt;</a>&nbsp;&nbsp;&nbsp;delay_ms
<LI><a href="#[579]">&gt;&gt;</a>&nbsp;&nbsp;&nbsp;bspSdioSendAppCommand
<LI><a href="#[574]">&gt;&gt;</a>&nbsp;&nbsp;&nbsp;bspSdioSendCommand
<LI><a href="#[57c]">&gt;&gt;</a>&nbsp;&nbsp;&nbsp;bspSdioShouldLogProbeFailure
<LI><a href="#[573]">&gt;&gt;</a>&nbsp;&nbsp;&nbsp;bspSdioGetLoopCount
</UL>
<BR>[Called By]<UL><LI><a href="#[57d]">&gt;&gt;</a>&nbsp;&nbsp;&nbsp;bspSdioProbeCardPresent
<LI><a href="#[f3]">&gt;&gt;</a>&nbsp;&nbsp;&nbsp;bspSdioInit
</UL>

<P><STRONG><a name="[57d]"></a>bspSdioProbeCardPresent</STRONG> (Thumb, 174 bytes, Stack size 16 bytes, bsp_sdio.o(.text))
<BR><BR>[Stack]<UL><LI>Max Depth = 360 + Unknown Stack Size
<LI>Call Chain = bspSdioProbeCardPresent &rArr; bspSdioCardPowerOn &rArr; logWrite &rArr; logVWrite &rArr; logFormatLine &rArr; __2snprintf &rArr; _printf_char_common &rArr; __printf
</UL>
<BR>[Calls]<UL><LI><a href="#[57b]">&gt;&gt;</a>&nbsp;&nbsp;&nbsp;bspSdioCardPowerOn
<LI><a href="#[56a]">&gt;&gt;</a>&nbsp;&nbsp;&nbsp;bspSdioHwInit
<LI><a href="#[57e]">&gt;&gt;</a>&nbsp;&nbsp;&nbsp;bspSdioIsValidBus
</UL>
<BR>[Called By]<UL><LI><a href="#[f3]">&gt;&gt;</a>&nbsp;&nbsp;&nbsp;bspSdioInit
<LI><a href="#[f4]">&gt;&gt;</a>&nbsp;&nbsp;&nbsp;bspSdioGetStatus
</UL>

<P><STRONG><a name="[57f]"></a>bspSdioCheckCardResponsive</STRONG> (Thumb, 68 bytes, Stack size 32 bytes, bsp_sdio.o(.text))
<BR><BR>[Stack]<UL><LI>Max Depth = 128<LI>Call Chain = bspSdioCheckCardResponsive &rArr; bspSdioSendCommand &rArr; bspSdioWaitFlags
</UL>
<BR>[Calls]<UL><LI><a href="#[57a]">&gt;&gt;</a>&nbsp;&nbsp;&nbsp;bspSdioRespHasError
<LI><a href="#[574]">&gt;&gt;</a>&nbsp;&nbsp;&nbsp;bspSdioSendCommand
</UL>
<BR>[Called By]<UL><LI><a href="#[f4]">&gt;&gt;</a>&nbsp;&nbsp;&nbsp;bspSdioGetStatus
</UL>

<P><STRONG><a name="[580]"></a>bspSdioCardReadCidCsd</STRONG> (Thumb, 196 bytes, Stack size 40 bytes, bsp_sdio.o(.text))
<BR><BR>[Stack]<UL><LI>Max Depth = 336 + Unknown Stack Size
<LI>Call Chain = bspSdioCardReadCidCsd &rArr; logWrite &rArr; logVWrite &rArr; logFormatLine &rArr; __2snprintf &rArr; _printf_char_common &rArr; __printf
</UL>
<BR>[Calls]<UL><LI><a href="#[147]">&gt;&gt;</a>&nbsp;&nbsp;&nbsp;logWrite
<LI><a href="#[574]">&gt;&gt;</a>&nbsp;&nbsp;&nbsp;bspSdioSendCommand
</UL>
<BR>[Called By]<UL><LI><a href="#[f3]">&gt;&gt;</a>&nbsp;&nbsp;&nbsp;bspSdioInit
</UL>

<P><STRONG><a name="[581]"></a>bspSdioSelectCard</STRONG> (Thumb, 76 bytes, Stack size 48 bytes, bsp_sdio.o(.text))
<BR><BR>[Stack]<UL><LI>Max Depth = 144<LI>Call Chain = bspSdioSelectCard &rArr; bspSdioSendCommand &rArr; bspSdioWaitFlags
</UL>
<BR>[Calls]<UL><LI><a href="#[57a]">&gt;&gt;</a>&nbsp;&nbsp;&nbsp;bspSdioRespHasError
<LI><a href="#[574]">&gt;&gt;</a>&nbsp;&nbsp;&nbsp;bspSdioSendCommand
</UL>
<BR>[Called By]<UL><LI><a href="#[f3]">&gt;&gt;</a>&nbsp;&nbsp;&nbsp;bspSdioInit
</UL>

<P><STRONG><a name="[582]"></a>bspSdioSetBlockLength</STRONG> (Thumb, 60 bytes, Stack size 40 bytes, bsp_sdio.o(.text))
<BR><BR>[Stack]<UL><LI>Max Depth = 136<LI>Call Chain = bspSdioSetBlockLength &rArr; bspSdioSendCommand &rArr; bspSdioWaitFlags
</UL>
<BR>[Calls]<UL><LI><a href="#[57a]">&gt;&gt;</a>&nbsp;&nbsp;&nbsp;bspSdioRespHasError
<LI><a href="#[574]">&gt;&gt;</a>&nbsp;&nbsp;&nbsp;bspSdioSendCommand
</UL>
<BR>[Called By]<UL><LI><a href="#[f3]">&gt;&gt;</a>&nbsp;&nbsp;&nbsp;bspSdioInit
</UL>

<P><STRONG><a name="[583]"></a>bspSdioSetWideBus</STRONG> (Thumb, 72 bytes, Stack size 40 bytes, bsp_sdio.o(.text))
<BR><BR>[Stack]<UL><LI>Max Depth = 192<LI>Call Chain = bspSdioSetWideBus &rArr; bspSdioSendAppCommand &rArr; bspSdioSendCommand &rArr; bspSdioWaitFlags
</UL>
<BR>[Calls]<UL><LI><a href="#[579]">&gt;&gt;</a>&nbsp;&nbsp;&nbsp;bspSdioSendAppCommand
<LI><a href="#[57a]">&gt;&gt;</a>&nbsp;&nbsp;&nbsp;bspSdioRespHasError
<LI><a href="#[567]">&gt;&gt;</a>&nbsp;&nbsp;&nbsp;bspSdioSetClock
</UL>
<BR>[Called By]<UL><LI><a href="#[f3]">&gt;&gt;</a>&nbsp;&nbsp;&nbsp;bspSdioInit
</UL>

<P><STRONG><a name="[585]"></a>bspSdioExtractBits</STRONG> (Thumb, 54 bytes, Stack size 20 bytes, bsp_sdio.o(.text))
<BR><BR>[Stack]<UL><LI>Max Depth = 20<LI>Call Chain = bspSdioExtractBits
</UL>
<BR>[Called By]<UL><LI><a href="#[584]">&gt;&gt;</a>&nbsp;&nbsp;&nbsp;bspSdioUpdateCardInfo
</UL>

<P><STRONG><a name="[584]"></a>bspSdioUpdateCardInfo</STRONG> (Thumb, 202 bytes, Stack size 40 bytes, bsp_sdio.o(.text))
<BR><BR>[Stack]<UL><LI>Max Depth = 88<LI>Call Chain = bspSdioUpdateCardInfo &rArr; __aeabi_uldivmod
</UL>
<BR>[Calls]<UL><LI><a href="#[585]">&gt;&gt;</a>&nbsp;&nbsp;&nbsp;bspSdioExtractBits
<LI><a href="#[2a7]">&gt;&gt;</a>&nbsp;&nbsp;&nbsp;__aeabi_uldivmod
</UL>
<BR>[Called By]<UL><LI><a href="#[f3]">&gt;&gt;</a>&nbsp;&nbsp;&nbsp;bspSdioInit
</UL>

<P><STRONG><a name="[589]"></a>bspSdioGetAddress</STRONG> (Thumb, 14 bytes, Stack size 0 bytes, bsp_sdio.o(.text))
<BR><BR>[Called By]<UL><LI><a href="#[58c]">&gt;&gt;</a>&nbsp;&nbsp;&nbsp;bspSdioWriteSingleBlock
<LI><a href="#[586]">&gt;&gt;</a>&nbsp;&nbsp;&nbsp;bspSdioReadSingleBlock
</UL>

<P><STRONG><a name="[586]"></a>bspSdioReadSingleBlock</STRONG> (Thumb, 270 bytes, Stack size 88 bytes, bsp_sdio.o(.text))
<BR><BR>[Stack]<UL><LI>Max Depth = 184<LI>Call Chain = bspSdioReadSingleBlock &rArr; bspSdioSendCommand &rArr; bspSdioWaitFlags
</UL>
<BR>[Calls]<UL><LI><a href="#[58a]">&gt;&gt;</a>&nbsp;&nbsp;&nbsp;SDIO_ReadData
<LI><a href="#[587]">&gt;&gt;</a>&nbsp;&nbsp;&nbsp;SDIO_DataStructInit
<LI><a href="#[588]">&gt;&gt;</a>&nbsp;&nbsp;&nbsp;SDIO_DataConfig
<LI><a href="#[589]">&gt;&gt;</a>&nbsp;&nbsp;&nbsp;bspSdioGetAddress
<LI><a href="#[57a]">&gt;&gt;</a>&nbsp;&nbsp;&nbsp;bspSdioRespHasError
<LI><a href="#[574]">&gt;&gt;</a>&nbsp;&nbsp;&nbsp;bspSdioSendCommand
<LI><a href="#[572]">&gt;&gt;</a>&nbsp;&nbsp;&nbsp;bspSdioWaitFlags
<LI><a href="#[570]">&gt;&gt;</a>&nbsp;&nbsp;&nbsp;bspSdioClearStaticFlags
<LI><a href="#[573]">&gt;&gt;</a>&nbsp;&nbsp;&nbsp;bspSdioGetLoopCount
</UL>
<BR>[Called By]<UL><LI><a href="#[f5]">&gt;&gt;</a>&nbsp;&nbsp;&nbsp;bspSdioReadBlocks
</UL>

<P><STRONG><a name="[58b]"></a>bspSdioWaitCardState</STRONG> (Thumb, 222 bytes, Stack size 48 bytes, bsp_sdio.o(.text))
<BR><BR>[Stack]<UL><LI>Max Depth = 144<LI>Call Chain = bspSdioWaitCardState &rArr; bspSdioSendCommand &rArr; bspSdioWaitFlags
</UL>
<BR>[Calls]<UL><LI><a href="#[57a]">&gt;&gt;</a>&nbsp;&nbsp;&nbsp;bspSdioRespHasError
<LI><a href="#[574]">&gt;&gt;</a>&nbsp;&nbsp;&nbsp;bspSdioSendCommand
<LI><a href="#[573]">&gt;&gt;</a>&nbsp;&nbsp;&nbsp;bspSdioGetLoopCount
</UL>
<BR>[Called By]<UL><LI><a href="#[58c]">&gt;&gt;</a>&nbsp;&nbsp;&nbsp;bspSdioWriteSingleBlock
</UL>

<P><STRONG><a name="[58c]"></a>bspSdioWriteSingleBlock</STRONG> (Thumb, 446 bytes, Stack size 96 bytes, bsp_sdio.o(.text))
<BR><BR>[Stack]<UL><LI>Max Depth = 392 + Unknown Stack Size
<LI>Call Chain = bspSdioWriteSingleBlock &rArr; logWrite &rArr; logVWrite &rArr; logFormatLine &rArr; __2snprintf &rArr; _printf_char_common &rArr; __printf
</UL>
<BR>[Calls]<UL><LI><a href="#[147]">&gt;&gt;</a>&nbsp;&nbsp;&nbsp;logWrite
<LI><a href="#[58d]">&gt;&gt;</a>&nbsp;&nbsp;&nbsp;SDIO_WriteData
<LI><a href="#[587]">&gt;&gt;</a>&nbsp;&nbsp;&nbsp;SDIO_DataStructInit
<LI><a href="#[588]">&gt;&gt;</a>&nbsp;&nbsp;&nbsp;SDIO_DataConfig
<LI><a href="#[58b]">&gt;&gt;</a>&nbsp;&nbsp;&nbsp;bspSdioWaitCardState
<LI><a href="#[589]">&gt;&gt;</a>&nbsp;&nbsp;&nbsp;bspSdioGetAddress
<LI><a href="#[57a]">&gt;&gt;</a>&nbsp;&nbsp;&nbsp;bspSdioRespHasError
<LI><a href="#[574]">&gt;&gt;</a>&nbsp;&nbsp;&nbsp;bspSdioSendCommand
<LI><a href="#[572]">&gt;&gt;</a>&nbsp;&nbsp;&nbsp;bspSdioWaitFlags
<LI><a href="#[570]">&gt;&gt;</a>&nbsp;&nbsp;&nbsp;bspSdioClearStaticFlags
<LI><a href="#[573]">&gt;&gt;</a>&nbsp;&nbsp;&nbsp;bspSdioGetLoopCount
</UL>
<BR>[Called By]<UL><LI><a href="#[f6]">&gt;&gt;</a>&nbsp;&nbsp;&nbsp;bspSdioWriteBlocks
</UL>

<P><STRONG><a name="[5a4]"></a>CPU_NameInit</STRONG> (Thumb, 8 bytes, Stack size 8 bytes, cpu_core.o(.text), UNUSED)
<BR><BR>[Calls]<UL><LI><a href="#[5a2]">&gt;&gt;</a>&nbsp;&nbsp;&nbsp;CPU_NameClr
</UL>
<BR>[Called By]<UL><LI><a href="#[5a6]">&gt;&gt;</a>&nbsp;&nbsp;&nbsp;CPU_Init
</UL>

<P><STRONG><a name="[5a5]"></a>CPU_TS_Init</STRONG> (Thumb, 14 bytes, Stack size 8 bytes, cpu_core.o(.text), UNUSED)
<BR><BR>[Calls]<UL><LI><a href="#[59f]">&gt;&gt;</a>&nbsp;&nbsp;&nbsp;CPU_TS_TmrInit
</UL>
<BR>[Called By]<UL><LI><a href="#[5a6]">&gt;&gt;</a>&nbsp;&nbsp;&nbsp;CPU_Init
</UL>

<P><STRONG><a name="[5c0]"></a>Mem_SegAlloc</STRONG> (Thumb, 60 bytes, Stack size 20 bytes, lib_mem.o(.text), UNUSED)
<BR><BR>[Called By]<UL><LI><a href="#[5c3]">&gt;&gt;</a>&nbsp;&nbsp;&nbsp;Mem_PoolCreate
<LI><a href="#[5be]">&gt;&gt;</a>&nbsp;&nbsp;&nbsp;Mem_HeapAlloc
</UL>

<P><STRONG><a name="[5bf]"></a>Mem_SegCalcTotSize</STRONG> (Thumb, 60 bytes, Stack size 24 bytes, lib_mem.o(.text), UNUSED)
<BR><BR>[Called By]<UL><LI><a href="#[5c3]">&gt;&gt;</a>&nbsp;&nbsp;&nbsp;Mem_PoolCreate
<LI><a href="#[5be]">&gt;&gt;</a>&nbsp;&nbsp;&nbsp;Mem_HeapAlloc
</UL>

<P><STRONG><a name="[5db]"></a>Str_FmtNbr_Int32</STRONG> (Thumb, 476 bytes, Stack size 104 bytes, lib_str.o(.text), UNUSED)
<BR><BR>[Calls]<UL><LI><a href="#[5dc]">&gt;&gt;</a>&nbsp;&nbsp;&nbsp;ASCII_IsPrint
</UL>
<BR>[Called By]<UL><LI><a href="#[5de]">&gt;&gt;</a>&nbsp;&nbsp;&nbsp;Str_FmtNbr_Int32S
<LI><a href="#[5dd]">&gt;&gt;</a>&nbsp;&nbsp;&nbsp;Str_FmtNbr_Int32U
</UL>

<P><STRONG><a name="[5df]"></a>Str_ParseNbr_Int32</STRONG> (Thumb, 446 bytes, Stack size 96 bytes, lib_str.o(.text), UNUSED)
<BR><BR>[Calls]<UL><LI><a href="#[5e0]">&gt;&gt;</a>&nbsp;&nbsp;&nbsp;ASCII_IsSpace
<LI><a href="#[5e1]">&gt;&gt;</a>&nbsp;&nbsp;&nbsp;ASCII_IsDigHex
<LI><a href="#[5e3]">&gt;&gt;</a>&nbsp;&nbsp;&nbsp;ASCII_IsDig
<LI><a href="#[5e4]">&gt;&gt;</a>&nbsp;&nbsp;&nbsp;ASCII_IsLower
<LI><a href="#[5e2]">&gt;&gt;</a>&nbsp;&nbsp;&nbsp;ASCII_IsAlphaNum
</UL>
<BR>[Called By]<UL><LI><a href="#[5e6]">&gt;&gt;</a>&nbsp;&nbsp;&nbsp;Str_ParseNbr_Int32S
<LI><a href="#[5e5]">&gt;&gt;</a>&nbsp;&nbsp;&nbsp;Str_ParseNbr_Int32U
</UL>

<P><STRONG><a name="[94]"></a>_printf_input_char</STRONG> (Thumb, 10 bytes, Stack size 0 bytes, _printf_char_common.o(.text))
<BR>[Address Reference Count : 1]<UL><LI> _printf_char_common.o(.text)
</UL>
<P><STRONG><a name="[698]"></a>_fp_digits</STRONG> (Thumb, 432 bytes, Stack size 96 bytes, _printf_fp_dec.o(.text))
<BR><BR>[Stack]<UL><LI>Max Depth = 220<LI>Call Chain = _fp_digits &rArr; _btod_etento &rArr; _btod_emul &rArr; _e2e
</UL>
<BR>[Calls]<UL><LI><a href="#[69c]">&gt;&gt;</a>&nbsp;&nbsp;&nbsp;_btod_emul
<LI><a href="#[69b]">&gt;&gt;</a>&nbsp;&nbsp;&nbsp;_btod_ediv
<LI><a href="#[69a]">&gt;&gt;</a>&nbsp;&nbsp;&nbsp;_btod_d2e
<LI><a href="#[699]">&gt;&gt;</a>&nbsp;&nbsp;&nbsp;_btod_etento
<LI><a href="#[694]">&gt;&gt;</a>&nbsp;&nbsp;&nbsp;_ll_udiv10
</UL>
<BR>[Called By]<UL><LI><a href="#[69d]">&gt;&gt;</a>&nbsp;&nbsp;&nbsp;_printf_fp_dec_real
</UL>
<P>
<H3>
Undefined Global Symbols
</H3><HR></body></html>
